Archive member included to satisfy reference by file (symbol)

C:/Programs/avr-gcc-13.2.0-x64-windows/bin/../lib/gcc/avr/13.2.0/avr5\libgcc.a(_exit.o)
                              C:/Programs/avr-gcc-13.2.0-x64-windows/bin/../lib/gcc/avr/13.2.0/../../../../avr/lib/avr5/crtatmega328.o (exit)
C:/Programs/avr-gcc-13.2.0-x64-windows/bin/../lib/gcc/avr/13.2.0/avr5\libgcc.a(_copy_data.o)
                              ATMMEGA_Receiver.o (__do_copy_data)
C:/Programs/avr-gcc-13.2.0-x64-windows/bin/../lib/gcc/avr/13.2.0/avr5\libgcc.a(_clear_bss.o)
                              ATMMEGA_Receiver.o (__do_clear_bss)
C:/Programs/avr-gcc-13.2.0-x64-windows/bin/../lib/gcc/avr/13.2.0/../../../../avr/lib/avr5\libc.a(atof.o)
                              ATMMEGA_Receiver.o (atof)
C:/Programs/avr-gcc-13.2.0-x64-windows/bin/../lib/gcc/avr/13.2.0/../../../../avr/lib/avr5\libc.a(strncpy.o)
                              ATMMEGA_Receiver.o (strncpy)
C:/Programs/avr-gcc-13.2.0-x64-windows/bin/../lib/gcc/avr/13.2.0/../../../../avr/lib/avr5\libc.a(iob.o)
                              usart.o (__iob)
C:/Programs/avr-gcc-13.2.0-x64-windows/bin/../lib/gcc/avr/13.2.0/../../../../avr/lib/avr5\libc.a(printf.o)
                              ATMMEGA_Receiver.o (printf)
C:/Programs/avr-gcc-13.2.0-x64-windows/bin/../lib/gcc/avr/13.2.0/../../../../avr/lib/avr5\libc.a(puts.o)
                              ATMMEGA_Receiver.o (puts)
C:/Programs/avr-gcc-13.2.0-x64-windows/bin/../lib/gcc/avr/13.2.0/../../../../avr/lib/avr5\libc.a(sprintf.o)
                              ATMMEGA_Receiver.o (sprintf)
C:/Programs/avr-gcc-13.2.0-x64-windows/bin/../lib/gcc/avr/13.2.0/../../../../avr/lib/avr5\libc.a(vfprintf_std.o)
                              C:/Programs/avr-gcc-13.2.0-x64-windows/bin/../lib/gcc/avr/13.2.0/../../../../avr/lib/avr5\libc.a(printf.o) (vfprintf)
C:/Programs/avr-gcc-13.2.0-x64-windows/bin/../lib/gcc/avr/13.2.0/../../../../avr/lib/avr5\libc.a(strtod.o)
                              C:/Programs/avr-gcc-13.2.0-x64-windows/bin/../lib/gcc/avr/13.2.0/../../../../avr/lib/avr5\libc.a(atof.o) (strtod)
C:/Programs/avr-gcc-13.2.0-x64-windows/bin/../lib/gcc/avr/13.2.0/../../../../avr/lib/avr5\libc.a(isspace.o)
                              C:/Programs/avr-gcc-13.2.0-x64-windows/bin/../lib/gcc/avr/13.2.0/../../../../avr/lib/avr5\libc.a(strtod.o) (isspace)
C:/Programs/avr-gcc-13.2.0-x64-windows/bin/../lib/gcc/avr/13.2.0/../../../../avr/lib/avr5\libc.a(strncasecmp_P.o)
                              C:/Programs/avr-gcc-13.2.0-x64-windows/bin/../lib/gcc/avr/13.2.0/../../../../avr/lib/avr5\libc.a(strtod.o) (strncasecmp_P)
C:/Programs/avr-gcc-13.2.0-x64-windows/bin/../lib/gcc/avr/13.2.0/../../../../avr/lib/avr5\libc.a(strnlen_P.o)
                              C:/Programs/avr-gcc-13.2.0-x64-windows/bin/../lib/gcc/avr/13.2.0/../../../../avr/lib/avr5\libc.a(vfprintf_std.o) (strnlen_P)
C:/Programs/avr-gcc-13.2.0-x64-windows/bin/../lib/gcc/avr/13.2.0/../../../../avr/lib/avr5\libc.a(strnlen.o)
                              C:/Programs/avr-gcc-13.2.0-x64-windows/bin/../lib/gcc/avr/13.2.0/../../../../avr/lib/avr5\libc.a(vfprintf_std.o) (strnlen)
C:/Programs/avr-gcc-13.2.0-x64-windows/bin/../lib/gcc/avr/13.2.0/../../../../avr/lib/avr5\libc.a(fputc.o)
                              C:/Programs/avr-gcc-13.2.0-x64-windows/bin/../lib/gcc/avr/13.2.0/../../../../avr/lib/avr5\libc.a(vfprintf_std.o) (fputc)
C:/Programs/avr-gcc-13.2.0-x64-windows/bin/../lib/gcc/avr/13.2.0/../../../../avr/lib/avr5\libc.a(ultoa_invert.o)
                              C:/Programs/avr-gcc-13.2.0-x64-windows/bin/../lib/gcc/avr/13.2.0/../../../../avr/lib/avr5\libc.a(vfprintf_std.o) (__ultoa_invert)
C:/Programs/avr-gcc-13.2.0-x64-windows/bin/../lib/gcc/avr/13.2.0/../../../../avr/lib/avr5\libc.a(cmpsf2.o)
                              C:/Programs/avr-gcc-13.2.0-x64-windows/bin/../lib/gcc/avr/13.2.0/../../../../avr/lib/avr5\libc.a(strtod.o) (__eqsf2)
C:/Programs/avr-gcc-13.2.0-x64-windows/bin/../lib/gcc/avr/13.2.0/../../../../avr/lib/avr5\libc.a(floatsisf.o)
                              C:/Programs/avr-gcc-13.2.0-x64-windows/bin/../lib/gcc/avr/13.2.0/../../../../avr/lib/avr5\libc.a(strtod.o) (__floatunsisf)
C:/Programs/avr-gcc-13.2.0-x64-windows/bin/../lib/gcc/avr/13.2.0/../../../../avr/lib/avr5\libc.a(fp_cmp.o)
                              C:/Programs/avr-gcc-13.2.0-x64-windows/bin/../lib/gcc/avr/13.2.0/../../../../avr/lib/avr5\libc.a(cmpsf2.o) (__fp_cmp)
C:/Programs/avr-gcc-13.2.0-x64-windows/bin/../lib/gcc/avr/13.2.0/../../../../avr/lib/avr5\libc.a(mulsf3.o)
                              C:/Programs/avr-gcc-13.2.0-x64-windows/bin/../lib/gcc/avr/13.2.0/../../../../avr/lib/avr5\libc.a(strtod.o) (__mulsf3)
C:/Programs/avr-gcc-13.2.0-x64-windows/bin/../lib/gcc/avr/13.2.0/../../../../avr/lib/avr5\libc.a(mulsf3x.o)
                              C:/Programs/avr-gcc-13.2.0-x64-windows/bin/../lib/gcc/avr/13.2.0/../../../../avr/lib/avr5\libc.a(mulsf3.o) (__mulsf3x)
C:/Programs/avr-gcc-13.2.0-x64-windows/bin/../lib/gcc/avr/13.2.0/../../../../avr/lib/avr5\libc.a(errno.o)
                              C:/Programs/avr-gcc-13.2.0-x64-windows/bin/../lib/gcc/avr/13.2.0/../../../../avr/lib/avr5\libc.a(strtod.o) (errno)
C:/Programs/avr-gcc-13.2.0-x64-windows/bin/../lib/gcc/avr/13.2.0/../../../../avr/lib/avr5\libc.a(cty_isfalse.o)
                              C:/Programs/avr-gcc-13.2.0-x64-windows/bin/../lib/gcc/avr/13.2.0/../../../../avr/lib/avr5\libc.a(isspace.o) (__ctype_isfalse)
C:/Programs/avr-gcc-13.2.0-x64-windows/bin/../lib/gcc/avr/13.2.0/../../../../avr/lib/avr5\libc.a(fp_inf.o)
                              C:/Programs/avr-gcc-13.2.0-x64-windows/bin/../lib/gcc/avr/13.2.0/../../../../avr/lib/avr5\libc.a(mulsf3x.o) (__fp_inf)
C:/Programs/avr-gcc-13.2.0-x64-windows/bin/../lib/gcc/avr/13.2.0/../../../../avr/lib/avr5\libc.a(fp_nan.o)
                              C:/Programs/avr-gcc-13.2.0-x64-windows/bin/../lib/gcc/avr/13.2.0/../../../../avr/lib/avr5\libc.a(mulsf3x.o) (__fp_nan)
C:/Programs/avr-gcc-13.2.0-x64-windows/bin/../lib/gcc/avr/13.2.0/../../../../avr/lib/avr5\libc.a(fp_pscA.o)
                              C:/Programs/avr-gcc-13.2.0-x64-windows/bin/../lib/gcc/avr/13.2.0/../../../../avr/lib/avr5\libc.a(mulsf3x.o) (__fp_pscA)
C:/Programs/avr-gcc-13.2.0-x64-windows/bin/../lib/gcc/avr/13.2.0/../../../../avr/lib/avr5\libc.a(fp_pscB.o)
                              C:/Programs/avr-gcc-13.2.0-x64-windows/bin/../lib/gcc/avr/13.2.0/../../../../avr/lib/avr5\libc.a(mulsf3x.o) (__fp_pscB)
C:/Programs/avr-gcc-13.2.0-x64-windows/bin/../lib/gcc/avr/13.2.0/../../../../avr/lib/avr5\libc.a(fp_round.o)
                              C:/Programs/avr-gcc-13.2.0-x64-windows/bin/../lib/gcc/avr/13.2.0/../../../../avr/lib/avr5\libc.a(mulsf3.o) (__fp_round)
C:/Programs/avr-gcc-13.2.0-x64-windows/bin/../lib/gcc/avr/13.2.0/../../../../avr/lib/avr5\libc.a(fp_split3.o)
                              C:/Programs/avr-gcc-13.2.0-x64-windows/bin/../lib/gcc/avr/13.2.0/../../../../avr/lib/avr5\libc.a(mulsf3x.o) (__fp_split3)
C:/Programs/avr-gcc-13.2.0-x64-windows/bin/../lib/gcc/avr/13.2.0/../../../../avr/lib/avr5\libc.a(fp_zero.o)
                              C:/Programs/avr-gcc-13.2.0-x64-windows/bin/../lib/gcc/avr/13.2.0/../../../../avr/lib/avr5\libc.a(mulsf3x.o) (__fp_szero)
C:/Programs/avr-gcc-13.2.0-x64-windows/bin/../lib/gcc/avr/13.2.0/avr5\libgcc.a(_muluhisi3.o)
                              C:/Programs/avr-gcc-13.2.0-x64-windows/bin/../lib/gcc/avr/13.2.0/../../../../avr/lib/avr5\libc.a(strtod.o) (__muluhisi3)
C:/Programs/avr-gcc-13.2.0-x64-windows/bin/../lib/gcc/avr/13.2.0/avr5\libgcc.a(_prologue.o)
                              C:/Programs/avr-gcc-13.2.0-x64-windows/bin/../lib/gcc/avr/13.2.0/../../../../avr/lib/avr5\libc.a(printf.o) (__prologue_saves__)
C:/Programs/avr-gcc-13.2.0-x64-windows/bin/../lib/gcc/avr/13.2.0/avr5\libgcc.a(_epilogue.o)
                              C:/Programs/avr-gcc-13.2.0-x64-windows/bin/../lib/gcc/avr/13.2.0/../../../../avr/lib/avr5\libc.a(printf.o) (__epilogue_restores__)
C:/Programs/avr-gcc-13.2.0-x64-windows/bin/../lib/gcc/avr/13.2.0/avr5\libgcc.a(_umulhisi3.o)
                              C:/Programs/avr-gcc-13.2.0-x64-windows/bin/../lib/gcc/avr/13.2.0/avr5\libgcc.a(_muluhisi3.o) (__umulhisi3)

There are no discarded input sections

Memory Configuration

Name             Origin             Length             Attributes
text             0x00000000         0x00020000         xr
data             0x00800060         0x0000ffa0         rw!x
eeprom           0x00810000         0x00010000         rw!x
fuse             0x00820000         0x00000003         rw!x
lock             0x00830000         0x00000400         rw!x
signature        0x00840000         0x00000400         rw!x
user_signatures  0x00850000         0x00000400         rw!x
*default*        0x00000000         0xffffffff

Linker script and memory map

Address of section .data set to 0x800100
LOAD C:/Programs/avr-gcc-13.2.0-x64-windows/bin/../lib/gcc/avr/13.2.0/../../../../avr/lib/avr5/crtatmega328.o
LOAD ATMMEGA_Receiver.o
LOAD usart.o
LOAD Software_UART.o
START GROUP
LOAD C:/Programs/avr-gcc-13.2.0-x64-windows/bin/../lib/gcc/avr/13.2.0/avr5\libgcc.a
LOAD C:/Programs/avr-gcc-13.2.0-x64-windows/bin/../lib/gcc/avr/13.2.0/../../../../avr/lib/avr5\libm.a
LOAD C:/Programs/avr-gcc-13.2.0-x64-windows/bin/../lib/gcc/avr/13.2.0/../../../../avr/lib/avr5\libc.a
LOAD C:/Programs/avr-gcc-13.2.0-x64-windows/bin/../lib/gcc/avr/13.2.0/../../../../avr/lib/avr5\libatmega328.a
END GROUP
                0x00020000                        __TEXT_REGION_LENGTH__ = DEFINED (__TEXT_REGION_LENGTH__)?__TEXT_REGION_LENGTH__:0x20000
                0x00800060                        __DATA_REGION_ORIGIN__ = DEFINED (__DATA_REGION_ORIGIN__)?__DATA_REGION_ORIGIN__:0x800060
                0x0000ffa0                        __DATA_REGION_LENGTH__ = DEFINED (__DATA_REGION_LENGTH__)?__DATA_REGION_LENGTH__:0xffa0
                0x00010000                        __EEPROM_REGION_LENGTH__ = DEFINED (__EEPROM_REGION_LENGTH__)?__EEPROM_REGION_LENGTH__:0x10000
                [0x00000003]                      __FUSE_REGION_LENGTH__ = DEFINED (__FUSE_REGION_LENGTH__)?__FUSE_REGION_LENGTH__:0x400
                0x00000400                        __LOCK_REGION_LENGTH__ = DEFINED (__LOCK_REGION_LENGTH__)?__LOCK_REGION_LENGTH__:0x400
                0x00000400                        __SIGNATURE_REGION_LENGTH__ = DEFINED (__SIGNATURE_REGION_LENGTH__)?__SIGNATURE_REGION_LENGTH__:0x400
                0x00000400                        __USER_SIGNATURE_REGION_LENGTH__ = DEFINED (__USER_SIGNATURE_REGION_LENGTH__)?__USER_SIGNATURE_REGION_LENGTH__:0x400

.hash
 *(.hash)

.dynsym
 *(.dynsym)

.dynstr
 *(.dynstr)

.gnu.version
 *(.gnu.version)

.gnu.version_d
 *(.gnu.version_d)

.gnu.version_r
 *(.gnu.version_r)

.rel.init
 *(.rel.init)

.rela.init
 *(.rela.init)

.rel.text
 *(.rel.text)
 *(.rel.text.*)
 *(.rel.gnu.linkonce.t*)

.rela.text
 *(.rela.text)
 *(.rela.text.*)
 *(.rela.gnu.linkonce.t*)

.rel.fini
 *(.rel.fini)

.rela.fini
 *(.rela.fini)

.rel.rodata
 *(.rel.rodata)
 *(.rel.rodata.*)
 *(.rel.gnu.linkonce.r*)

.rela.rodata
 *(.rela.rodata)
 *(.rela.rodata.*)
 *(.rela.gnu.linkonce.r*)

.rel.data
 *(.rel.data)
 *(.rel.data.*)
 *(.rel.gnu.linkonce.d*)

.rela.data
 *(.rela.data)
 *(.rela.data.*)
 *(.rela.gnu.linkonce.d*)

.rel.ctors
 *(.rel.ctors)

.rela.ctors
 *(.rela.ctors)

.rel.dtors
 *(.rel.dtors)

.rela.dtors
 *(.rela.dtors)

.rel.got
 *(.rel.got)

.rela.got
 *(.rela.got)

.rel.bss
 *(.rel.bss)

.rela.bss
 *(.rela.bss)

.rel.plt
 *(.rel.plt)

.rela.plt
 *(.rela.plt)

.text           0x00000000     0x1214
 *(.vectors)
 .vectors       0x00000000       0x68 C:/Programs/avr-gcc-13.2.0-x64-windows/bin/../lib/gcc/avr/13.2.0/../../../../avr/lib/avr5/crtatmega328.o
                0x00000000                __vector_default
                0x00000000                __vectors
 *(.vectors)
 *(.progmem.gcc*)
                0x00000068                        . = ALIGN (0x2)
                0x00000068                        __trampolines_start = .
 *(.trampolines)
 .trampolines   0x00000068        0x0 linker stubs
 *(.trampolines*)
                0x00000068                        __trampolines_end = .
 *libprintf_flt.a:*(.progmem.data)
 *libc.a:*(.progmem.data)
 .progmem.data  0x00000068       0x3b C:/Programs/avr-gcc-13.2.0-x64-windows/bin/../lib/gcc/avr/13.2.0/../../../../avr/lib/avr5\libc.a(strtod.o)
 *(.progmem.*)
                0x000000a4                        . = ALIGN (0x2)
 *fill*         0x000000a3        0x1 
 *(.lowtext)
 *(.lowtext*)
                0x000000a4                        __ctors_start = .
 *(.ctors)
                0x000000a4                        __ctors_end = .
                0x000000a4                        __dtors_start = .
 *(.dtors)
                0x000000a4                        __dtors_end = .
 SORT_BY_NAME(*)(.ctors)
 SORT_BY_NAME(*)(.dtors)
 *(.init0)
 .init0         0x000000a4        0x0 C:/Programs/avr-gcc-13.2.0-x64-windows/bin/../lib/gcc/avr/13.2.0/../../../../avr/lib/avr5/crtatmega328.o
                0x000000a4                __init
 *(.init0)
 *(.init1)
 *(.init1)
 *(.init2)
 .init2         0x000000a4        0xc C:/Programs/avr-gcc-13.2.0-x64-windows/bin/../lib/gcc/avr/13.2.0/../../../../avr/lib/avr5/crtatmega328.o
 *(.init2)
 *(.init3)
 *(.init3)
 *(.init4)
 .init4         0x000000b0       0x16 C:/Programs/avr-gcc-13.2.0-x64-windows/bin/../lib/gcc/avr/13.2.0/avr5\libgcc.a(_copy_data.o)
                0x000000b0                __do_copy_data
 .init4         0x000000c6       0x10 C:/Programs/avr-gcc-13.2.0-x64-windows/bin/../lib/gcc/avr/13.2.0/avr5\libgcc.a(_clear_bss.o)
                0x000000c6                __do_clear_bss
 *(.init4)
 *(.init5)
 *(.init5)
 *(.init6)
 *(.init6)
 *(.init7)
 *(.init7)
 *(.init8)
 *(.init8)
 *(.init9)
 .init9         0x000000d6        0x8 C:/Programs/avr-gcc-13.2.0-x64-windows/bin/../lib/gcc/avr/13.2.0/../../../../avr/lib/avr5/crtatmega328.o
 *(.init9)
 *(.text)
 .text          0x000000de        0x4 C:/Programs/avr-gcc-13.2.0-x64-windows/bin/../lib/gcc/avr/13.2.0/../../../../avr/lib/avr5/crtatmega328.o
                0x000000de                __vector_22
                0x000000de                __vector_1
                0x000000de                __vector_24
                0x000000de                __vector_12
                0x000000de                __bad_interrupt
                0x000000de                __vector_6
                0x000000de                __vector_3
                0x000000de                __vector_23
                0x000000de                __vector_25
                0x000000de                __vector_13
                0x000000de                __vector_17
                0x000000de                __vector_19
                0x000000de                __vector_7
                0x000000de                __vector_5
                0x000000de                __vector_4
                0x000000de                __vector_9
                0x000000de                __vector_2
                0x000000de                __vector_21
                0x000000de                __vector_15
                0x000000de                __vector_8
                0x000000de                __vector_14
                0x000000de                __vector_10
                0x000000de                __vector_16
                0x000000de                __vector_18
                0x000000de                __vector_20
 .text          0x000000e2       0xde ATMMEGA_Receiver.o
                0x000000e2                wait_1ms
                0x000000fe                waitms
                0x00000116                ConfigurePins
                0x00000134                SendATCommand
 .text          0x000001c0       0xe8 usart.o
                0x000001c0                usart_init
                0x000001fc                usart_putchar
                0x0000020a                usart_putchar_printf
                0x00000226                usart_getchar
                0x00000234                usart_kbhit
                0x00000240                usart_pstr
                0x00000258                usart_gets
 .text          0x000002a8      0x296 Software_UART.o
                0x000002a8                __vector_11
                0x000004a2                Init_Software_Uart
                0x000004c2                SendByte1
                0x000004d6                SendString1
                0x000004ee                GetByte1
                0x00000500                GetString1
 .text          0x0000053e        0x0 C:/Programs/avr-gcc-13.2.0-x64-windows/bin/../lib/gcc/avr/13.2.0/avr5\libgcc.a(_exit.o)
 .text          0x0000053e        0x0 C:/Programs/avr-gcc-13.2.0-x64-windows/bin/../lib/gcc/avr/13.2.0/avr5\libgcc.a(_copy_data.o)
 .text          0x0000053e        0x0 C:/Programs/avr-gcc-13.2.0-x64-windows/bin/../lib/gcc/avr/13.2.0/avr5\libgcc.a(_clear_bss.o)
 .text          0x0000053e        0x0 C:/Programs/avr-gcc-13.2.0-x64-windows/bin/../lib/gcc/avr/13.2.0/../../../../avr/lib/avr5\libc.a(atof.o)
 .text          0x0000053e        0x0 C:/Programs/avr-gcc-13.2.0-x64-windows/bin/../lib/gcc/avr/13.2.0/../../../../avr/lib/avr5\libc.a(strncpy.o)
 .text          0x0000053e        0x0 C:/Programs/avr-gcc-13.2.0-x64-windows/bin/../lib/gcc/avr/13.2.0/../../../../avr/lib/avr5\libc.a(iob.o)
 .text          0x0000053e        0x0 C:/Programs/avr-gcc-13.2.0-x64-windows/bin/../lib/gcc/avr/13.2.0/../../../../avr/lib/avr5\libc.a(printf.o)
 .text          0x0000053e        0x0 C:/Programs/avr-gcc-13.2.0-x64-windows/bin/../lib/gcc/avr/13.2.0/../../../../avr/lib/avr5\libc.a(puts.o)
 .text          0x0000053e        0x0 C:/Programs/avr-gcc-13.2.0-x64-windows/bin/../lib/gcc/avr/13.2.0/../../../../avr/lib/avr5\libc.a(sprintf.o)
 .text          0x0000053e        0x0 C:/Programs/avr-gcc-13.2.0-x64-windows/bin/../lib/gcc/avr/13.2.0/../../../../avr/lib/avr5\libc.a(vfprintf_std.o)
 .text          0x0000053e        0x0 C:/Programs/avr-gcc-13.2.0-x64-windows/bin/../lib/gcc/avr/13.2.0/../../../../avr/lib/avr5\libc.a(strtod.o)
 .text          0x0000053e        0x0 C:/Programs/avr-gcc-13.2.0-x64-windows/bin/../lib/gcc/avr/13.2.0/../../../../avr/lib/avr5\libc.a(isspace.o)
 .text          0x0000053e        0x0 C:/Programs/avr-gcc-13.2.0-x64-windows/bin/../lib/gcc/avr/13.2.0/../../../../avr/lib/avr5\libc.a(strncasecmp_P.o)
 .text          0x0000053e        0x0 C:/Programs/avr-gcc-13.2.0-x64-windows/bin/../lib/gcc/avr/13.2.0/../../../../avr/lib/avr5\libc.a(strnlen_P.o)
 .text          0x0000053e        0x0 C:/Programs/avr-gcc-13.2.0-x64-windows/bin/../lib/gcc/avr/13.2.0/../../../../avr/lib/avr5\libc.a(strnlen.o)
 .text          0x0000053e        0x0 C:/Programs/avr-gcc-13.2.0-x64-windows/bin/../lib/gcc/avr/13.2.0/../../../../avr/lib/avr5\libc.a(fputc.o)
 .text          0x0000053e        0x0 C:/Programs/avr-gcc-13.2.0-x64-windows/bin/../lib/gcc/avr/13.2.0/../../../../avr/lib/avr5\libc.a(ultoa_invert.o)
 .text          0x0000053e        0x0 C:/Programs/avr-gcc-13.2.0-x64-windows/bin/../lib/gcc/avr/13.2.0/../../../../avr/lib/avr5\libc.a(cmpsf2.o)
 .text          0x0000053e        0x0 C:/Programs/avr-gcc-13.2.0-x64-windows/bin/../lib/gcc/avr/13.2.0/../../../../avr/lib/avr5\libc.a(floatsisf.o)
 .text          0x0000053e        0x0 C:/Programs/avr-gcc-13.2.0-x64-windows/bin/../lib/gcc/avr/13.2.0/../../../../avr/lib/avr5\libc.a(fp_cmp.o)
 .text          0x0000053e        0x0 C:/Programs/avr-gcc-13.2.0-x64-windows/bin/../lib/gcc/avr/13.2.0/../../../../avr/lib/avr5\libc.a(mulsf3.o)
 .text          0x0000053e        0x0 C:/Programs/avr-gcc-13.2.0-x64-windows/bin/../lib/gcc/avr/13.2.0/../../../../avr/lib/avr5\libc.a(mulsf3x.o)
 .text          0x0000053e        0x0 C:/Programs/avr-gcc-13.2.0-x64-windows/bin/../lib/gcc/avr/13.2.0/../../../../avr/lib/avr5\libc.a(errno.o)
 .text          0x0000053e        0x0 C:/Programs/avr-gcc-13.2.0-x64-windows/bin/../lib/gcc/avr/13.2.0/../../../../avr/lib/avr5\libc.a(cty_isfalse.o)
 .text          0x0000053e        0x0 C:/Programs/avr-gcc-13.2.0-x64-windows/bin/../lib/gcc/avr/13.2.0/../../../../avr/lib/avr5\libc.a(fp_inf.o)
 .text          0x0000053e        0x0 C:/Programs/avr-gcc-13.2.0-x64-windows/bin/../lib/gcc/avr/13.2.0/../../../../avr/lib/avr5\libc.a(fp_nan.o)
 .text          0x0000053e        0x0 C:/Programs/avr-gcc-13.2.0-x64-windows/bin/../lib/gcc/avr/13.2.0/../../../../avr/lib/avr5\libc.a(fp_pscA.o)
 .text          0x0000053e        0x0 C:/Programs/avr-gcc-13.2.0-x64-windows/bin/../lib/gcc/avr/13.2.0/../../../../avr/lib/avr5\libc.a(fp_pscB.o)
 .text          0x0000053e        0x0 C:/Programs/avr-gcc-13.2.0-x64-windows/bin/../lib/gcc/avr/13.2.0/../../../../avr/lib/avr5\libc.a(fp_round.o)
 .text          0x0000053e        0x0 C:/Programs/avr-gcc-13.2.0-x64-windows/bin/../lib/gcc/avr/13.2.0/../../../../avr/lib/avr5\libc.a(fp_split3.o)
 .text          0x0000053e        0x0 C:/Programs/avr-gcc-13.2.0-x64-windows/bin/../lib/gcc/avr/13.2.0/../../../../avr/lib/avr5\libc.a(fp_zero.o)
 .text          0x0000053e        0x0 C:/Programs/avr-gcc-13.2.0-x64-windows/bin/../lib/gcc/avr/13.2.0/avr5\libgcc.a(_muluhisi3.o)
 .text          0x0000053e        0x0 C:/Programs/avr-gcc-13.2.0-x64-windows/bin/../lib/gcc/avr/13.2.0/avr5\libgcc.a(_prologue.o)
 .text          0x0000053e        0x0 C:/Programs/avr-gcc-13.2.0-x64-windows/bin/../lib/gcc/avr/13.2.0/avr5\libgcc.a(_epilogue.o)
 .text          0x0000053e        0x0 C:/Programs/avr-gcc-13.2.0-x64-windows/bin/../lib/gcc/avr/13.2.0/avr5\libgcc.a(_umulhisi3.o)
                0x0000053e                        . = ALIGN (0x2)
 *(.text.*)
 .text.startup  0x0000053e      0x136 ATMMEGA_Receiver.o
                0x0000053e                main
 .text.libgcc.mul
                0x00000674        0x0 C:/Programs/avr-gcc-13.2.0-x64-windows/bin/../lib/gcc/avr/13.2.0/avr5\libgcc.a(_exit.o)
 .text.libgcc.div
                0x00000674        0x0 C:/Programs/avr-gcc-13.2.0-x64-windows/bin/../lib/gcc/avr/13.2.0/avr5\libgcc.a(_exit.o)
 .text.libgcc   0x00000674        0x0 C:/Programs/avr-gcc-13.2.0-x64-windows/bin/../lib/gcc/avr/13.2.0/avr5\libgcc.a(_exit.o)
 .text.libgcc.prologue
                0x00000674        0x0 C:/Programs/avr-gcc-13.2.0-x64-windows/bin/../lib/gcc/avr/13.2.0/avr5\libgcc.a(_exit.o)
 .text.libgcc.builtins
                0x00000674        0x0 C:/Programs/avr-gcc-13.2.0-x64-windows/bin/../lib/gcc/avr/13.2.0/avr5\libgcc.a(_exit.o)
 .text.libgcc.fmul
                0x00000674        0x0 C:/Programs/avr-gcc-13.2.0-x64-windows/bin/../lib/gcc/avr/13.2.0/avr5\libgcc.a(_exit.o)
 .text.libgcc.fixed
                0x00000674        0x0 C:/Programs/avr-gcc-13.2.0-x64-windows/bin/../lib/gcc/avr/13.2.0/avr5\libgcc.a(_exit.o)
 .text.libgcc.mul
                0x00000674        0x0 C:/Programs/avr-gcc-13.2.0-x64-windows/bin/../lib/gcc/avr/13.2.0/avr5\libgcc.a(_copy_data.o)
 .text.libgcc.div
                0x00000674        0x0 C:/Programs/avr-gcc-13.2.0-x64-windows/bin/../lib/gcc/avr/13.2.0/avr5\libgcc.a(_copy_data.o)
 .text.libgcc   0x00000674        0x0 C:/Programs/avr-gcc-13.2.0-x64-windows/bin/../lib/gcc/avr/13.2.0/avr5\libgcc.a(_copy_data.o)
 .text.libgcc.prologue
                0x00000674        0x0 C:/Programs/avr-gcc-13.2.0-x64-windows/bin/../lib/gcc/avr/13.2.0/avr5\libgcc.a(_copy_data.o)
 .text.libgcc.builtins
                0x00000674        0x0 C:/Programs/avr-gcc-13.2.0-x64-windows/bin/../lib/gcc/avr/13.2.0/avr5\libgcc.a(_copy_data.o)
 .text.libgcc.fmul
                0x00000674        0x0 C:/Programs/avr-gcc-13.2.0-x64-windows/bin/../lib/gcc/avr/13.2.0/avr5\libgcc.a(_copy_data.o)
 .text.libgcc.fixed
                0x00000674        0x0 C:/Programs/avr-gcc-13.2.0-x64-windows/bin/../lib/gcc/avr/13.2.0/avr5\libgcc.a(_copy_data.o)
 .text.libgcc.mul
                0x00000674        0x0 C:/Programs/avr-gcc-13.2.0-x64-windows/bin/../lib/gcc/avr/13.2.0/avr5\libgcc.a(_clear_bss.o)
 .text.libgcc.div
                0x00000674        0x0 C:/Programs/avr-gcc-13.2.0-x64-windows/bin/../lib/gcc/avr/13.2.0/avr5\libgcc.a(_clear_bss.o)
 .text.libgcc   0x00000674        0x0 C:/Programs/avr-gcc-13.2.0-x64-windows/bin/../lib/gcc/avr/13.2.0/avr5\libgcc.a(_clear_bss.o)
 .text.libgcc.prologue
                0x00000674        0x0 C:/Programs/avr-gcc-13.2.0-x64-windows/bin/../lib/gcc/avr/13.2.0/avr5\libgcc.a(_clear_bss.o)
 .text.libgcc.builtins
                0x00000674        0x0 C:/Programs/avr-gcc-13.2.0-x64-windows/bin/../lib/gcc/avr/13.2.0/avr5\libgcc.a(_clear_bss.o)
 .text.libgcc.fmul
                0x00000674        0x0 C:/Programs/avr-gcc-13.2.0-x64-windows/bin/../lib/gcc/avr/13.2.0/avr5\libgcc.a(_clear_bss.o)
 .text.libgcc.fixed
                0x00000674        0x0 C:/Programs/avr-gcc-13.2.0-x64-windows/bin/../lib/gcc/avr/13.2.0/avr5\libgcc.a(_clear_bss.o)
 .text.avr-libc
                0x00000674        0x8 C:/Programs/avr-gcc-13.2.0-x64-windows/bin/../lib/gcc/avr/13.2.0/../../../../avr/lib/avr5\libc.a(atof.o)
                0x00000674                atof
 .text.avr-libc
                0x0000067c       0x1e C:/Programs/avr-gcc-13.2.0-x64-windows/bin/../lib/gcc/avr/13.2.0/../../../../avr/lib/avr5\libc.a(strncpy.o)
                0x0000067c                strncpy
 .text.avr-libc
                0x0000069a       0x2c C:/Programs/avr-gcc-13.2.0-x64-windows/bin/../lib/gcc/avr/13.2.0/../../../../avr/lib/avr5\libc.a(printf.o)
                0x0000069a                printf
 .text.avr-libc
                0x000006c6       0x58 C:/Programs/avr-gcc-13.2.0-x64-windows/bin/../lib/gcc/avr/13.2.0/../../../../avr/lib/avr5\libc.a(puts.o)
                0x000006c6                puts
 .text.avr-libc
                0x0000071e       0x46 C:/Programs/avr-gcc-13.2.0-x64-windows/bin/../lib/gcc/avr/13.2.0/../../../../avr/lib/avr5\libc.a(sprintf.o)
                0x0000071e                sprintf
 .text.avr-libc
                0x00000764      0x3b6 C:/Programs/avr-gcc-13.2.0-x64-windows/bin/../lib/gcc/avr/13.2.0/../../../../avr/lib/avr5\libc.a(vfprintf_std.o)
                0x00000764                vfprintf
 .text.avr-libc
                0x00000b1a      0x27c C:/Programs/avr-gcc-13.2.0-x64-windows/bin/../lib/gcc/avr/13.2.0/../../../../avr/lib/avr5\libc.a(strtod.o)
                0x00000b1a                strtod
 .text.avr-libc
                0x00000d96       0x12 C:/Programs/avr-gcc-13.2.0-x64-windows/bin/../lib/gcc/avr/13.2.0/../../../../avr/lib/avr5\libc.a(isspace.o)
                0x00000d96                isspace
 .text.avr-libc
                0x00000da8       0x30 C:/Programs/avr-gcc-13.2.0-x64-windows/bin/../lib/gcc/avr/13.2.0/../../../../avr/lib/avr5\libc.a(strncasecmp_P.o)
                0x00000da8                strncasecmp_P
 .text.avr-libc
                0x00000dd8       0x16 C:/Programs/avr-gcc-13.2.0-x64-windows/bin/../lib/gcc/avr/13.2.0/../../../../avr/lib/avr5\libc.a(strnlen_P.o)
                0x00000dd8                strnlen_P
 .text.avr-libc
                0x00000dee       0x16 C:/Programs/avr-gcc-13.2.0-x64-windows/bin/../lib/gcc/avr/13.2.0/../../../../avr/lib/avr5\libc.a(strnlen.o)
                0x00000dee                strnlen
 .text.avr-libc
                0x00000e04       0x60 C:/Programs/avr-gcc-13.2.0-x64-windows/bin/../lib/gcc/avr/13.2.0/../../../../avr/lib/avr5\libc.a(fputc.o)
                0x00000e04                fputc
 .text.avr-libc
                0x00000e64       0xbc C:/Programs/avr-gcc-13.2.0-x64-windows/bin/../lib/gcc/avr/13.2.0/../../../../avr/lib/avr5\libc.a(ultoa_invert.o)
                0x00000e64                __ultoa_invert
 .text.avr-libc.fplib
                0x00000f20        0xa C:/Programs/avr-gcc-13.2.0-x64-windows/bin/../lib/gcc/avr/13.2.0/../../../../avr/lib/avr5\libc.a(cmpsf2.o)
                0x00000f20                __nesf2
                0x00000f20                __eqsf2
                0x00000f20                __cmpsf2
                0x00000f20                __ltsf2
                0x00000f20                __lesf2
 .text.avr-libc.fplib
                0x00000f2a       0x7a C:/Programs/avr-gcc-13.2.0-x64-windows/bin/../lib/gcc/avr/13.2.0/../../../../avr/lib/avr5\libc.a(floatsisf.o)
                0x00000f2a                __floatunsisf
                0x00000f2e                __floatsisf
 .text.avr-libc.fplib
                0x00000fa4       0x48 C:/Programs/avr-gcc-13.2.0-x64-windows/bin/../lib/gcc/avr/13.2.0/../../../../avr/lib/avr5\libc.a(fp_cmp.o)
                0x00000fa4                __fp_cmp
 .text.avr-libc.fplib
                0x00000fec        0x8 C:/Programs/avr-gcc-13.2.0-x64-windows/bin/../lib/gcc/avr/13.2.0/../../../../avr/lib/avr5\libc.a(mulsf3.o)
                0x00000fec                __mulsf3
 .text.avr-libc.fplib
                0x00000ff4       0xd2 C:/Programs/avr-gcc-13.2.0-x64-windows/bin/../lib/gcc/avr/13.2.0/../../../../avr/lib/avr5\libc.a(mulsf3x.o)
                0x00001012                __mulsf3x
                0x00001018                __mulsf3_pse
 .text.avr-libc
                0x000010c6        0x6 C:/Programs/avr-gcc-13.2.0-x64-windows/bin/../lib/gcc/avr/13.2.0/../../../../avr/lib/avr5\libc.a(cty_isfalse.o)
                0x000010c6                __ctype_isfalse
                0x000010ca                __ctype_istrue
 .text.avr-libc.fplib
                0x000010cc        0xc C:/Programs/avr-gcc-13.2.0-x64-windows/bin/../lib/gcc/avr/13.2.0/../../../../avr/lib/avr5\libc.a(fp_inf.o)
                0x000010cc                __fp_inf
 .text.avr-libc.fplib
                0x000010d8        0x6 C:/Programs/avr-gcc-13.2.0-x64-windows/bin/../lib/gcc/avr/13.2.0/../../../../avr/lib/avr5\libc.a(fp_nan.o)
                0x000010d8                __fp_nan
 .text.avr-libc.fplib
                0x000010de        0xe C:/Programs/avr-gcc-13.2.0-x64-windows/bin/../lib/gcc/avr/13.2.0/../../../../avr/lib/avr5\libc.a(fp_pscA.o)
                0x000010de                __fp_pscA
 .text.avr-libc.fplib
                0x000010ec        0xe C:/Programs/avr-gcc-13.2.0-x64-windows/bin/../lib/gcc/avr/13.2.0/../../../../avr/lib/avr5\libc.a(fp_pscB.o)
                0x000010ec                __fp_pscB
 .text.avr-libc.fplib
                0x000010fa       0x22 C:/Programs/avr-gcc-13.2.0-x64-windows/bin/../lib/gcc/avr/13.2.0/../../../../avr/lib/avr5\libc.a(fp_round.o)
                0x000010fa                __fp_round
 .text.avr-libc.fplib
                0x0000111c       0x44 C:/Programs/avr-gcc-13.2.0-x64-windows/bin/../lib/gcc/avr/13.2.0/../../../../avr/lib/avr5\libc.a(fp_split3.o)
                0x0000111c                __fp_split3
                0x0000112c                __fp_splitA
 .text.avr-libc.fplib
                0x00001160        0xe C:/Programs/avr-gcc-13.2.0-x64-windows/bin/../lib/gcc/avr/13.2.0/../../../../avr/lib/avr5\libc.a(fp_zero.o)
                0x00001160                __fp_zero
                0x00001162                __fp_szero
 .text.libgcc.mul
                0x0000116e       0x16 C:/Programs/avr-gcc-13.2.0-x64-windows/bin/../lib/gcc/avr/13.2.0/avr5\libgcc.a(_muluhisi3.o)
                0x0000116e                __muluhisi3
 .text.libgcc.div
                0x00001184        0x0 C:/Programs/avr-gcc-13.2.0-x64-windows/bin/../lib/gcc/avr/13.2.0/avr5\libgcc.a(_muluhisi3.o)
 .text.libgcc   0x00001184        0x0 C:/Programs/avr-gcc-13.2.0-x64-windows/bin/../lib/gcc/avr/13.2.0/avr5\libgcc.a(_muluhisi3.o)
 .text.libgcc.prologue
                0x00001184        0x0 C:/Programs/avr-gcc-13.2.0-x64-windows/bin/../lib/gcc/avr/13.2.0/avr5\libgcc.a(_muluhisi3.o)
 .text.libgcc.builtins
                0x00001184        0x0 C:/Programs/avr-gcc-13.2.0-x64-windows/bin/../lib/gcc/avr/13.2.0/avr5\libgcc.a(_muluhisi3.o)
 .text.libgcc.fmul
                0x00001184        0x0 C:/Programs/avr-gcc-13.2.0-x64-windows/bin/../lib/gcc/avr/13.2.0/avr5\libgcc.a(_muluhisi3.o)
 .text.libgcc.fixed
                0x00001184        0x0 C:/Programs/avr-gcc-13.2.0-x64-windows/bin/../lib/gcc/avr/13.2.0/avr5\libgcc.a(_muluhisi3.o)
 .text.libgcc.mul
                0x00001184        0x0 C:/Programs/avr-gcc-13.2.0-x64-windows/bin/../lib/gcc/avr/13.2.0/avr5\libgcc.a(_prologue.o)
 .text.libgcc.div
                0x00001184        0x0 C:/Programs/avr-gcc-13.2.0-x64-windows/bin/../lib/gcc/avr/13.2.0/avr5\libgcc.a(_prologue.o)
 .text.libgcc   0x00001184        0x0 C:/Programs/avr-gcc-13.2.0-x64-windows/bin/../lib/gcc/avr/13.2.0/avr5\libgcc.a(_prologue.o)
 .text.libgcc.prologue
                0x00001184       0x38 C:/Programs/avr-gcc-13.2.0-x64-windows/bin/../lib/gcc/avr/13.2.0/avr5\libgcc.a(_prologue.o)
                0x00001184                __prologue_saves__
 .text.libgcc.builtins
                0x000011bc        0x0 C:/Programs/avr-gcc-13.2.0-x64-windows/bin/../lib/gcc/avr/13.2.0/avr5\libgcc.a(_prologue.o)
 .text.libgcc.fmul
                0x000011bc        0x0 C:/Programs/avr-gcc-13.2.0-x64-windows/bin/../lib/gcc/avr/13.2.0/avr5\libgcc.a(_prologue.o)
 .text.libgcc.fixed
                0x000011bc        0x0 C:/Programs/avr-gcc-13.2.0-x64-windows/bin/../lib/gcc/avr/13.2.0/avr5\libgcc.a(_prologue.o)
 .text.libgcc.mul
                0x000011bc        0x0 C:/Programs/avr-gcc-13.2.0-x64-windows/bin/../lib/gcc/avr/13.2.0/avr5\libgcc.a(_epilogue.o)
 .text.libgcc.div
                0x000011bc        0x0 C:/Programs/avr-gcc-13.2.0-x64-windows/bin/../lib/gcc/avr/13.2.0/avr5\libgcc.a(_epilogue.o)
 .text.libgcc   0x000011bc        0x0 C:/Programs/avr-gcc-13.2.0-x64-windows/bin/../lib/gcc/avr/13.2.0/avr5\libgcc.a(_epilogue.o)
 .text.libgcc.prologue
                0x000011bc       0x36 C:/Programs/avr-gcc-13.2.0-x64-windows/bin/../lib/gcc/avr/13.2.0/avr5\libgcc.a(_epilogue.o)
                0x000011bc                __epilogue_restores__
 .text.libgcc.builtins
                0x000011f2        0x0 C:/Programs/avr-gcc-13.2.0-x64-windows/bin/../lib/gcc/avr/13.2.0/avr5\libgcc.a(_epilogue.o)
 .text.libgcc.fmul
                0x000011f2        0x0 C:/Programs/avr-gcc-13.2.0-x64-windows/bin/../lib/gcc/avr/13.2.0/avr5\libgcc.a(_epilogue.o)
 .text.libgcc.fixed
                0x000011f2        0x0 C:/Programs/avr-gcc-13.2.0-x64-windows/bin/../lib/gcc/avr/13.2.0/avr5\libgcc.a(_epilogue.o)
 .text.libgcc.mul
                0x000011f2       0x1e C:/Programs/avr-gcc-13.2.0-x64-windows/bin/../lib/gcc/avr/13.2.0/avr5\libgcc.a(_umulhisi3.o)
                0x000011f2                __umulhisi3
 .text.libgcc.div
                0x00001210        0x0 C:/Programs/avr-gcc-13.2.0-x64-windows/bin/../lib/gcc/avr/13.2.0/avr5\libgcc.a(_umulhisi3.o)
 .text.libgcc   0x00001210        0x0 C:/Programs/avr-gcc-13.2.0-x64-windows/bin/../lib/gcc/avr/13.2.0/avr5\libgcc.a(_umulhisi3.o)
 .text.libgcc.prologue
                0x00001210        0x0 C:/Programs/avr-gcc-13.2.0-x64-windows/bin/../lib/gcc/avr/13.2.0/avr5\libgcc.a(_umulhisi3.o)
 .text.libgcc.builtins
                0x00001210        0x0 C:/Programs/avr-gcc-13.2.0-x64-windows/bin/../lib/gcc/avr/13.2.0/avr5\libgcc.a(_umulhisi3.o)
 .text.libgcc.fmul
                0x00001210        0x0 C:/Programs/avr-gcc-13.2.0-x64-windows/bin/../lib/gcc/avr/13.2.0/avr5\libgcc.a(_umulhisi3.o)
 .text.libgcc.fixed
                0x00001210        0x0 C:/Programs/avr-gcc-13.2.0-x64-windows/bin/../lib/gcc/avr/13.2.0/avr5\libgcc.a(_umulhisi3.o)
                0x00001210                        . = ALIGN (0x2)
 *(.fini9)
 .fini9         0x00001210        0x0 C:/Programs/avr-gcc-13.2.0-x64-windows/bin/../lib/gcc/avr/13.2.0/avr5\libgcc.a(_exit.o)
                0x00001210                _exit
                0x00001210                exit
 *(.fini9)
 *(.fini8)
 *(.fini8)
 *(.fini7)
 *(.fini7)
 *(.fini6)
 *(.fini6)
 *(.fini5)
 *(.fini5)
 *(.fini4)
 *(.fini4)
 *(.fini3)
 *(.fini3)
 *(.fini2)
 *(.fini2)
 *(.fini1)
 *(.fini1)
 *(.fini0)
 .fini0         0x00001210        0x4 C:/Programs/avr-gcc-13.2.0-x64-windows/bin/../lib/gcc/avr/13.2.0/avr5\libgcc.a(_exit.o)
 *(.fini0)
 *(.hightext)
 *(.hightext*)
 *(.progmemx.*)
                0x00001214                        . = ALIGN (0x2)
 *(.jumptables)
 *(.jumptables*)
                0x00001214                        _etext = .

.data           0x00800100       0xa8 load address 0x00001214
                0x00800100                        PROVIDE (__data_start = .)
 *(.data)
 .data          0x00800100        0x0 C:/Programs/avr-gcc-13.2.0-x64-windows/bin/../lib/gcc/avr/13.2.0/../../../../avr/lib/avr5/crtatmega328.o
 .data          0x00800100        0x8 ATMMEGA_Receiver.o
                0x00800100                ISR_PD5
                0x00800102                ISR_PD6
                0x00800104                ISR_PD7
                0x00800106                ISR_PB0
 .data          0x00800108        0xe usart.o
 .data          0x00800116        0x0 Software_UART.o
 .data          0x00800116        0x0 C:/Programs/avr-gcc-13.2.0-x64-windows/bin/../lib/gcc/avr/13.2.0/avr5\libgcc.a(_exit.o)
 .data          0x00800116        0x0 C:/Programs/avr-gcc-13.2.0-x64-windows/bin/../lib/gcc/avr/13.2.0/avr5\libgcc.a(_copy_data.o)
 .data          0x00800116        0x0 C:/Programs/avr-gcc-13.2.0-x64-windows/bin/../lib/gcc/avr/13.2.0/avr5\libgcc.a(_clear_bss.o)
 .data          0x00800116        0x0 C:/Programs/avr-gcc-13.2.0-x64-windows/bin/../lib/gcc/avr/13.2.0/../../../../avr/lib/avr5\libc.a(atof.o)
 .data          0x00800116        0x0 C:/Programs/avr-gcc-13.2.0-x64-windows/bin/../lib/gcc/avr/13.2.0/../../../../avr/lib/avr5\libc.a(strncpy.o)
 .data          0x00800116        0x0 C:/Programs/avr-gcc-13.2.0-x64-windows/bin/../lib/gcc/avr/13.2.0/../../../../avr/lib/avr5\libc.a(iob.o)
 .data          0x00800116        0x0 C:/Programs/avr-gcc-13.2.0-x64-windows/bin/../lib/gcc/avr/13.2.0/../../../../avr/lib/avr5\libc.a(printf.o)
 .data          0x00800116        0x0 C:/Programs/avr-gcc-13.2.0-x64-windows/bin/../lib/gcc/avr/13.2.0/../../../../avr/lib/avr5\libc.a(puts.o)
 .data          0x00800116        0x0 C:/Programs/avr-gcc-13.2.0-x64-windows/bin/../lib/gcc/avr/13.2.0/../../../../avr/lib/avr5\libc.a(sprintf.o)
 .data          0x00800116        0x0 C:/Programs/avr-gcc-13.2.0-x64-windows/bin/../lib/gcc/avr/13.2.0/../../../../avr/lib/avr5\libc.a(vfprintf_std.o)
 .data          0x00800116        0x0 C:/Programs/avr-gcc-13.2.0-x64-windows/bin/../lib/gcc/avr/13.2.0/../../../../avr/lib/avr5\libc.a(strtod.o)
 .data          0x00800116        0x0 C:/Programs/avr-gcc-13.2.0-x64-windows/bin/../lib/gcc/avr/13.2.0/../../../../avr/lib/avr5\libc.a(isspace.o)
 .data          0x00800116        0x0 C:/Programs/avr-gcc-13.2.0-x64-windows/bin/../lib/gcc/avr/13.2.0/../../../../avr/lib/avr5\libc.a(strncasecmp_P.o)
 .data          0x00800116        0x0 C:/Programs/avr-gcc-13.2.0-x64-windows/bin/../lib/gcc/avr/13.2.0/../../../../avr/lib/avr5\libc.a(strnlen_P.o)
 .data          0x00800116        0x0 C:/Programs/avr-gcc-13.2.0-x64-windows/bin/../lib/gcc/avr/13.2.0/../../../../avr/lib/avr5\libc.a(strnlen.o)
 .data          0x00800116        0x0 C:/Programs/avr-gcc-13.2.0-x64-windows/bin/../lib/gcc/avr/13.2.0/../../../../avr/lib/avr5\libc.a(fputc.o)
 .data          0x00800116        0x0 C:/Programs/avr-gcc-13.2.0-x64-windows/bin/../lib/gcc/avr/13.2.0/../../../../avr/lib/avr5\libc.a(ultoa_invert.o)
 .data          0x00800116        0x0 C:/Programs/avr-gcc-13.2.0-x64-windows/bin/../lib/gcc/avr/13.2.0/../../../../avr/lib/avr5\libc.a(cmpsf2.o)
 .data          0x00800116        0x0 C:/Programs/avr-gcc-13.2.0-x64-windows/bin/../lib/gcc/avr/13.2.0/../../../../avr/lib/avr5\libc.a(floatsisf.o)
 .data          0x00800116        0x0 C:/Programs/avr-gcc-13.2.0-x64-windows/bin/../lib/gcc/avr/13.2.0/../../../../avr/lib/avr5\libc.a(fp_cmp.o)
 .data          0x00800116        0x0 C:/Programs/avr-gcc-13.2.0-x64-windows/bin/../lib/gcc/avr/13.2.0/../../../../avr/lib/avr5\libc.a(mulsf3.o)
 .data          0x00800116        0x0 C:/Programs/avr-gcc-13.2.0-x64-windows/bin/../lib/gcc/avr/13.2.0/../../../../avr/lib/avr5\libc.a(mulsf3x.o)
 .data          0x00800116        0x0 C:/Programs/avr-gcc-13.2.0-x64-windows/bin/../lib/gcc/avr/13.2.0/../../../../avr/lib/avr5\libc.a(errno.o)
 .data          0x00800116        0x0 C:/Programs/avr-gcc-13.2.0-x64-windows/bin/../lib/gcc/avr/13.2.0/../../../../avr/lib/avr5\libc.a(cty_isfalse.o)
 .data          0x00800116        0x0 C:/Programs/avr-gcc-13.2.0-x64-windows/bin/../lib/gcc/avr/13.2.0/../../../../avr/lib/avr5\libc.a(fp_inf.o)
 .data          0x00800116        0x0 C:/Programs/avr-gcc-13.2.0-x64-windows/bin/../lib/gcc/avr/13.2.0/../../../../avr/lib/avr5\libc.a(fp_nan.o)
 .data          0x00800116        0x0 C:/Programs/avr-gcc-13.2.0-x64-windows/bin/../lib/gcc/avr/13.2.0/../../../../avr/lib/avr5\libc.a(fp_pscA.o)
 .data          0x00800116        0x0 C:/Programs/avr-gcc-13.2.0-x64-windows/bin/../lib/gcc/avr/13.2.0/../../../../avr/lib/avr5\libc.a(fp_pscB.o)
 .data          0x00800116        0x0 C:/Programs/avr-gcc-13.2.0-x64-windows/bin/../lib/gcc/avr/13.2.0/../../../../avr/lib/avr5\libc.a(fp_round.o)
 .data          0x00800116        0x0 C:/Programs/avr-gcc-13.2.0-x64-windows/bin/../lib/gcc/avr/13.2.0/../../../../avr/lib/avr5\libc.a(fp_split3.o)
 .data          0x00800116        0x0 C:/Programs/avr-gcc-13.2.0-x64-windows/bin/../lib/gcc/avr/13.2.0/../../../../avr/lib/avr5\libc.a(fp_zero.o)
 .data          0x00800116        0x0 C:/Programs/avr-gcc-13.2.0-x64-windows/bin/../lib/gcc/avr/13.2.0/avr5\libgcc.a(_muluhisi3.o)
 .data          0x00800116        0x0 C:/Programs/avr-gcc-13.2.0-x64-windows/bin/../lib/gcc/avr/13.2.0/avr5\libgcc.a(_prologue.o)
 .data          0x00800116        0x0 C:/Programs/avr-gcc-13.2.0-x64-windows/bin/../lib/gcc/avr/13.2.0/avr5\libgcc.a(_epilogue.o)
 .data          0x00800116        0x0 C:/Programs/avr-gcc-13.2.0-x64-windows/bin/../lib/gcc/avr/13.2.0/avr5\libgcc.a(_umulhisi3.o)
 *(.data*)
 *(.gnu.linkonce.d*)
 *(.rodata)
 *(.rodata*)
 .rodata.str1.1
                0x00800116       0x91 ATMMEGA_Receiver.o
 *(.gnu.linkonce.r*)
                0x008001a8                        . = ALIGN (0x2)
 *fill*         0x008001a7        0x1 
                0x008001a8                        _edata = .
                0x008001a8                        PROVIDE (__data_end = .)

.bss            0x008001a8       0x12
                0x008001a8                        PROVIDE (__bss_start = .)
 *(.bss)
 .bss           0x008001a8        0x0 C:/Programs/avr-gcc-13.2.0-x64-windows/bin/../lib/gcc/avr/13.2.0/../../../../avr/lib/avr5/crtatmega328.o
 .bss           0x008001a8        0x4 ATMMEGA_Receiver.o
                0x008001a8                cnt
                0x008001aa                ISR_cnt
 .bss           0x008001ac        0x0 usart.o
 .bss           0x008001ac        0x6 Software_UART.o
                0x008001ac                TXD_DATA
                0x008001ad                RXD_DATA
                0x008001ae                RXD_SR
                0x008001af                RXD_FLAG
                0x008001b0                TXD_state
                0x008001b1                RXD_state
 .bss           0x008001b2        0x0 C:/Programs/avr-gcc-13.2.0-x64-windows/bin/../lib/gcc/avr/13.2.0/avr5\libgcc.a(_exit.o)
 .bss           0x008001b2        0x0 C:/Programs/avr-gcc-13.2.0-x64-windows/bin/../lib/gcc/avr/13.2.0/avr5\libgcc.a(_copy_data.o)
 .bss           0x008001b2        0x0 C:/Programs/avr-gcc-13.2.0-x64-windows/bin/../lib/gcc/avr/13.2.0/avr5\libgcc.a(_clear_bss.o)
 .bss           0x008001b2        0x0 C:/Programs/avr-gcc-13.2.0-x64-windows/bin/../lib/gcc/avr/13.2.0/../../../../avr/lib/avr5\libc.a(atof.o)
 .bss           0x008001b2        0x0 C:/Programs/avr-gcc-13.2.0-x64-windows/bin/../lib/gcc/avr/13.2.0/../../../../avr/lib/avr5\libc.a(strncpy.o)
 .bss           0x008001b2        0x6 C:/Programs/avr-gcc-13.2.0-x64-windows/bin/../lib/gcc/avr/13.2.0/../../../../avr/lib/avr5\libc.a(iob.o)
                0x008001b2                __iob
 .bss           0x008001b8        0x0 C:/Programs/avr-gcc-13.2.0-x64-windows/bin/../lib/gcc/avr/13.2.0/../../../../avr/lib/avr5\libc.a(printf.o)
 .bss           0x008001b8        0x0 C:/Programs/avr-gcc-13.2.0-x64-windows/bin/../lib/gcc/avr/13.2.0/../../../../avr/lib/avr5\libc.a(puts.o)
 .bss           0x008001b8        0x0 C:/Programs/avr-gcc-13.2.0-x64-windows/bin/../lib/gcc/avr/13.2.0/../../../../avr/lib/avr5\libc.a(sprintf.o)
 .bss           0x008001b8        0x0 C:/Programs/avr-gcc-13.2.0-x64-windows/bin/../lib/gcc/avr/13.2.0/../../../../avr/lib/avr5\libc.a(vfprintf_std.o)
 .bss           0x008001b8        0x0 C:/Programs/avr-gcc-13.2.0-x64-windows/bin/../lib/gcc/avr/13.2.0/../../../../avr/lib/avr5\libc.a(strtod.o)
 .bss           0x008001b8        0x0 C:/Programs/avr-gcc-13.2.0-x64-windows/bin/../lib/gcc/avr/13.2.0/../../../../avr/lib/avr5\libc.a(isspace.o)
 .bss           0x008001b8        0x0 C:/Programs/avr-gcc-13.2.0-x64-windows/bin/../lib/gcc/avr/13.2.0/../../../../avr/lib/avr5\libc.a(strncasecmp_P.o)
 .bss           0x008001b8        0x0 C:/Programs/avr-gcc-13.2.0-x64-windows/bin/../lib/gcc/avr/13.2.0/../../../../avr/lib/avr5\libc.a(strnlen_P.o)
 .bss           0x008001b8        0x0 C:/Programs/avr-gcc-13.2.0-x64-windows/bin/../lib/gcc/avr/13.2.0/../../../../avr/lib/avr5\libc.a(strnlen.o)
 .bss           0x008001b8        0x0 C:/Programs/avr-gcc-13.2.0-x64-windows/bin/../lib/gcc/avr/13.2.0/../../../../avr/lib/avr5\libc.a(fputc.o)
 .bss           0x008001b8        0x0 C:/Programs/avr-gcc-13.2.0-x64-windows/bin/../lib/gcc/avr/13.2.0/../../../../avr/lib/avr5\libc.a(ultoa_invert.o)
 .bss           0x008001b8        0x0 C:/Programs/avr-gcc-13.2.0-x64-windows/bin/../lib/gcc/avr/13.2.0/../../../../avr/lib/avr5\libc.a(cmpsf2.o)
 .bss           0x008001b8        0x0 C:/Programs/avr-gcc-13.2.0-x64-windows/bin/../lib/gcc/avr/13.2.0/../../../../avr/lib/avr5\libc.a(floatsisf.o)
 .bss           0x008001b8        0x0 C:/Programs/avr-gcc-13.2.0-x64-windows/bin/../lib/gcc/avr/13.2.0/../../../../avr/lib/avr5\libc.a(fp_cmp.o)
 .bss           0x008001b8        0x0 C:/Programs/avr-gcc-13.2.0-x64-windows/bin/../lib/gcc/avr/13.2.0/../../../../avr/lib/avr5\libc.a(mulsf3.o)
 .bss           0x008001b8        0x0 C:/Programs/avr-gcc-13.2.0-x64-windows/bin/../lib/gcc/avr/13.2.0/../../../../avr/lib/avr5\libc.a(mulsf3x.o)
 .bss           0x008001b8        0x2 C:/Programs/avr-gcc-13.2.0-x64-windows/bin/../lib/gcc/avr/13.2.0/../../../../avr/lib/avr5\libc.a(errno.o)
                0x008001b8                errno
 .bss           0x008001ba        0x0 C:/Programs/avr-gcc-13.2.0-x64-windows/bin/../lib/gcc/avr/13.2.0/../../../../avr/lib/avr5\libc.a(cty_isfalse.o)
 .bss           0x008001ba        0x0 C:/Programs/avr-gcc-13.2.0-x64-windows/bin/../lib/gcc/avr/13.2.0/../../../../avr/lib/avr5\libc.a(fp_inf.o)
 .bss           0x008001ba        0x0 C:/Programs/avr-gcc-13.2.0-x64-windows/bin/../lib/gcc/avr/13.2.0/../../../../avr/lib/avr5\libc.a(fp_nan.o)
 .bss           0x008001ba        0x0 C:/Programs/avr-gcc-13.2.0-x64-windows/bin/../lib/gcc/avr/13.2.0/../../../../avr/lib/avr5\libc.a(fp_pscA.o)
 .bss           0x008001ba        0x0 C:/Programs/avr-gcc-13.2.0-x64-windows/bin/../lib/gcc/avr/13.2.0/../../../../avr/lib/avr5\libc.a(fp_pscB.o)
 .bss           0x008001ba        0x0 C:/Programs/avr-gcc-13.2.0-x64-windows/bin/../lib/gcc/avr/13.2.0/../../../../avr/lib/avr5\libc.a(fp_round.o)
 .bss           0x008001ba        0x0 C:/Programs/avr-gcc-13.2.0-x64-windows/bin/../lib/gcc/avr/13.2.0/../../../../avr/lib/avr5\libc.a(fp_split3.o)
 .bss           0x008001ba        0x0 C:/Programs/avr-gcc-13.2.0-x64-windows/bin/../lib/gcc/avr/13.2.0/../../../../avr/lib/avr5\libc.a(fp_zero.o)
 .bss           0x008001ba        0x0 C:/Programs/avr-gcc-13.2.0-x64-windows/bin/../lib/gcc/avr/13.2.0/avr5\libgcc.a(_muluhisi3.o)
 .bss           0x008001ba        0x0 C:/Programs/avr-gcc-13.2.0-x64-windows/bin/../lib/gcc/avr/13.2.0/avr5\libgcc.a(_prologue.o)
 .bss           0x008001ba        0x0 C:/Programs/avr-gcc-13.2.0-x64-windows/bin/../lib/gcc/avr/13.2.0/avr5\libgcc.a(_epilogue.o)
 .bss           0x008001ba        0x0 C:/Programs/avr-gcc-13.2.0-x64-windows/bin/../lib/gcc/avr/13.2.0/avr5\libgcc.a(_umulhisi3.o)
 *(.bss*)
 *(COMMON)
                0x008001ba                        PROVIDE (__bss_end = .)
                0x00001214                        __data_load_start = LOADADDR (.data)
                0x000012bc                        __data_load_end = (__data_load_start + SIZEOF (.data))

.noinit         0x008001ba        0x0
                [!provide]                        PROVIDE (__noinit_start = .)
 *(.noinit .noinit.* .gnu.linkonce.n.*)
                [!provide]                        PROVIDE (__noinit_end = .)
                0x008001ba                        _end = .
                [!provide]                        PROVIDE (__heap_start = .)

.eeprom         0x00810000        0x0
 *(.eeprom*)
                0x00810000                        __eeprom_end = .

.fuse
 *(.fuse)
 *(.lfuse)
 *(.hfuse)
 *(.efuse)

.lock
 *(.lock*)

.signature
 *(.signature*)

.stab
 *(.stab)

.stabstr
 *(.stabstr)

.stab.excl
 *(.stab.excl)

.stab.exclstr
 *(.stab.exclstr)

.stab.index
 *(.stab.index)

.stab.indexstr
 *(.stab.indexstr)

.comment        0x00000000       0x12
 *(.comment)
 .comment       0x00000000       0x12 ATMMEGA_Receiver.o
                                 0x13 (size before relaxing)
 .comment       0x00000012       0x13 usart.o
 .comment       0x00000012       0x13 Software_UART.o
 .comment       0x00000012       0x13 C:/Programs/avr-gcc-13.2.0-x64-windows/bin/../lib/gcc/avr/13.2.0/../../../../avr/lib/avr5\libc.a(iob.o)
 .comment       0x00000012       0x13 C:/Programs/avr-gcc-13.2.0-x64-windows/bin/../lib/gcc/avr/13.2.0/../../../../avr/lib/avr5\libc.a(printf.o)
 .comment       0x00000012       0x13 C:/Programs/avr-gcc-13.2.0-x64-windows/bin/../lib/gcc/avr/13.2.0/../../../../avr/lib/avr5\libc.a(puts.o)
 .comment       0x00000012       0x13 C:/Programs/avr-gcc-13.2.0-x64-windows/bin/../lib/gcc/avr/13.2.0/../../../../avr/lib/avr5\libc.a(sprintf.o)
 .comment       0x00000012       0x13 C:/Programs/avr-gcc-13.2.0-x64-windows/bin/../lib/gcc/avr/13.2.0/../../../../avr/lib/avr5\libc.a(vfprintf_std.o)
 .comment       0x00000012       0x13 C:/Programs/avr-gcc-13.2.0-x64-windows/bin/../lib/gcc/avr/13.2.0/../../../../avr/lib/avr5\libc.a(strtod.o)
 .comment       0x00000012       0x13 C:/Programs/avr-gcc-13.2.0-x64-windows/bin/../lib/gcc/avr/13.2.0/../../../../avr/lib/avr5\libc.a(fputc.o)
 .comment       0x00000012       0x13 C:/Programs/avr-gcc-13.2.0-x64-windows/bin/../lib/gcc/avr/13.2.0/../../../../avr/lib/avr5\libc.a(errno.o)

.note.gnu.avr.deviceinfo
                0x00000000       0x3c
 .note.gnu.avr.deviceinfo
                0x00000000       0x3c C:/Programs/avr-gcc-13.2.0-x64-windows/bin/../lib/gcc/avr/13.2.0/../../../../avr/lib/avr5/crtatmega328.o

.gnu.build.attributes
 *(.gnu.build.attributes .gnu.build.attributes.*)

.note.gnu.build-id
 *(.note.gnu.build-id)

.debug
 *(.debug)

.line
 *(.line)

.debug_srcinfo
 *(.debug_srcinfo)

.debug_sfnames
 *(.debug_sfnames)

.debug_aranges  0x00000000      0x148
 *(.debug_aranges)
 .debug_aranges
                0x00000000       0x28 ATMMEGA_Receiver.o
 .debug_aranges
                0x00000028       0x20 usart.o
 .debug_aranges
                0x00000048       0x20 Software_UART.o
 .debug_aranges
                0x00000068       0x20 C:/Programs/avr-gcc-13.2.0-x64-windows/bin/../lib/gcc/avr/13.2.0/avr5\libgcc.a(_exit.o)
 .debug_aranges
                0x00000088       0x20 C:/Programs/avr-gcc-13.2.0-x64-windows/bin/../lib/gcc/avr/13.2.0/avr5\libgcc.a(_copy_data.o)
 .debug_aranges
                0x000000a8       0x20 C:/Programs/avr-gcc-13.2.0-x64-windows/bin/../lib/gcc/avr/13.2.0/avr5\libgcc.a(_clear_bss.o)
 .debug_aranges
                0x000000c8       0x20 C:/Programs/avr-gcc-13.2.0-x64-windows/bin/../lib/gcc/avr/13.2.0/avr5\libgcc.a(_muluhisi3.o)
 .debug_aranges
                0x000000e8       0x20 C:/Programs/avr-gcc-13.2.0-x64-windows/bin/../lib/gcc/avr/13.2.0/avr5\libgcc.a(_prologue.o)
 .debug_aranges
                0x00000108       0x20 C:/Programs/avr-gcc-13.2.0-x64-windows/bin/../lib/gcc/avr/13.2.0/avr5\libgcc.a(_epilogue.o)
 .debug_aranges
                0x00000128       0x20 C:/Programs/avr-gcc-13.2.0-x64-windows/bin/../lib/gcc/avr/13.2.0/avr5\libgcc.a(_umulhisi3.o)

.debug_pubnames
 *(.debug_pubnames)

.debug_info     0x00000000     0x134d
 *(.debug_info .gnu.linkonce.wi.*)
 .debug_info    0x00000000      0x5f4 C:/Programs/avr-gcc-13.2.0-x64-windows/bin/../lib/gcc/avr/13.2.0/../../../../avr/lib/avr5/crtatmega328.o
 .debug_info    0x000005f4      0x788 ATMMEGA_Receiver.o
 .debug_info    0x00000d7c      0x2ce usart.o
 .debug_info    0x0000104a      0x207 Software_UART.o
 .debug_info    0x00001251       0x24 C:/Programs/avr-gcc-13.2.0-x64-windows/bin/../lib/gcc/avr/13.2.0/avr5\libgcc.a(_exit.o)
 .debug_info    0x00001275       0x24 C:/Programs/avr-gcc-13.2.0-x64-windows/bin/../lib/gcc/avr/13.2.0/avr5\libgcc.a(_copy_data.o)
 .debug_info    0x00001299       0x24 C:/Programs/avr-gcc-13.2.0-x64-windows/bin/../lib/gcc/avr/13.2.0/avr5\libgcc.a(_clear_bss.o)
 .debug_info    0x000012bd       0x24 C:/Programs/avr-gcc-13.2.0-x64-windows/bin/../lib/gcc/avr/13.2.0/avr5\libgcc.a(_muluhisi3.o)
 .debug_info    0x000012e1       0x24 C:/Programs/avr-gcc-13.2.0-x64-windows/bin/../lib/gcc/avr/13.2.0/avr5\libgcc.a(_prologue.o)
 .debug_info    0x00001305       0x24 C:/Programs/avr-gcc-13.2.0-x64-windows/bin/../lib/gcc/avr/13.2.0/avr5\libgcc.a(_epilogue.o)
 .debug_info    0x00001329       0x24 C:/Programs/avr-gcc-13.2.0-x64-windows/bin/../lib/gcc/avr/13.2.0/avr5\libgcc.a(_umulhisi3.o)

.debug_abbrev   0x00000000      0xc02
 *(.debug_abbrev)
 .debug_abbrev  0x00000000      0x5a2 C:/Programs/avr-gcc-13.2.0-x64-windows/bin/../lib/gcc/avr/13.2.0/../../../../avr/lib/avr5/crtatmega328.o
 .debug_abbrev  0x000005a2      0x302 ATMMEGA_Receiver.o
 .debug_abbrev  0x000008a4      0x1ca usart.o
 .debug_abbrev  0x00000a6e      0x108 Software_UART.o
 .debug_abbrev  0x00000b76       0x14 C:/Programs/avr-gcc-13.2.0-x64-windows/bin/../lib/gcc/avr/13.2.0/avr5\libgcc.a(_exit.o)
 .debug_abbrev  0x00000b8a       0x14 C:/Programs/avr-gcc-13.2.0-x64-windows/bin/../lib/gcc/avr/13.2.0/avr5\libgcc.a(_copy_data.o)
 .debug_abbrev  0x00000b9e       0x14 C:/Programs/avr-gcc-13.2.0-x64-windows/bin/../lib/gcc/avr/13.2.0/avr5\libgcc.a(_clear_bss.o)
 .debug_abbrev  0x00000bb2       0x14 C:/Programs/avr-gcc-13.2.0-x64-windows/bin/../lib/gcc/avr/13.2.0/avr5\libgcc.a(_muluhisi3.o)
 .debug_abbrev  0x00000bc6       0x14 C:/Programs/avr-gcc-13.2.0-x64-windows/bin/../lib/gcc/avr/13.2.0/avr5\libgcc.a(_prologue.o)
 .debug_abbrev  0x00000bda       0x14 C:/Programs/avr-gcc-13.2.0-x64-windows/bin/../lib/gcc/avr/13.2.0/avr5\libgcc.a(_epilogue.o)
 .debug_abbrev  0x00000bee       0x14 C:/Programs/avr-gcc-13.2.0-x64-windows/bin/../lib/gcc/avr/13.2.0/avr5\libgcc.a(_umulhisi3.o)

.debug_line     0x00000000     0x1302
 *(.debug_line .debug_line.* .debug_line_end)
 .debug_line    0x00000000       0x1d C:/Programs/avr-gcc-13.2.0-x64-windows/bin/../lib/gcc/avr/13.2.0/../../../../avr/lib/avr5/crtatmega328.o
 .debug_line    0x0000001d      0x4bf ATMMEGA_Receiver.o
 .debug_line    0x000004dc      0x32b usart.o
 .debug_line    0x00000807      0x6ba Software_UART.o
 .debug_line    0x00000ec1       0x51 C:/Programs/avr-gcc-13.2.0-x64-windows/bin/../lib/gcc/avr/13.2.0/avr5\libgcc.a(_exit.o)
 .debug_line    0x00000f12       0x87 C:/Programs/avr-gcc-13.2.0-x64-windows/bin/../lib/gcc/avr/13.2.0/avr5\libgcc.a(_copy_data.o)
 .debug_line    0x00000f99       0x75 C:/Programs/avr-gcc-13.2.0-x64-windows/bin/../lib/gcc/avr/13.2.0/avr5\libgcc.a(_clear_bss.o)
 .debug_line    0x0000100e       0x81 C:/Programs/avr-gcc-13.2.0-x64-windows/bin/../lib/gcc/avr/13.2.0/avr5\libgcc.a(_muluhisi3.o)
 .debug_line    0x0000108f       0xed C:/Programs/avr-gcc-13.2.0-x64-windows/bin/../lib/gcc/avr/13.2.0/avr5\libgcc.a(_prologue.o)
 .debug_line    0x0000117c       0xe7 C:/Programs/avr-gcc-13.2.0-x64-windows/bin/../lib/gcc/avr/13.2.0/avr5\libgcc.a(_epilogue.o)
 .debug_line    0x00001263       0x9f C:/Programs/avr-gcc-13.2.0-x64-windows/bin/../lib/gcc/avr/13.2.0/avr5\libgcc.a(_umulhisi3.o)

.debug_frame    0x00000000      0x200
 *(.debug_frame)
 .debug_frame   0x00000000       0x9c ATMMEGA_Receiver.o
 .debug_frame   0x0000009c       0xbc usart.o
 .debug_frame   0x00000158       0xa8 Software_UART.o

.debug_str      0x00000000      0x5bc
 *(.debug_str)
 .debug_str     0x00000000      0x20b C:/Programs/avr-gcc-13.2.0-x64-windows/bin/../lib/gcc/avr/13.2.0/../../../../avr/lib/avr5/crtatmega328.o
 .debug_str     0x0000020b      0x3b1 ATMMEGA_Receiver.o
                                0x2c0 (size before relaxing)
 .debug_str     0x000005bc      0x168 usart.o
 .debug_str     0x000005bc      0x159 Software_UART.o
 .debug_str     0x000005bc       0x68 C:/Programs/avr-gcc-13.2.0-x64-windows/bin/../lib/gcc/avr/13.2.0/avr5\libgcc.a(_exit.o)
 .debug_str     0x000005bc       0x68 C:/Programs/avr-gcc-13.2.0-x64-windows/bin/../lib/gcc/avr/13.2.0/avr5\libgcc.a(_copy_data.o)
 .debug_str     0x000005bc       0x68 C:/Programs/avr-gcc-13.2.0-x64-windows/bin/../lib/gcc/avr/13.2.0/avr5\libgcc.a(_clear_bss.o)
 .debug_str     0x000005bc       0x68 C:/Programs/avr-gcc-13.2.0-x64-windows/bin/../lib/gcc/avr/13.2.0/avr5\libgcc.a(_muluhisi3.o)
 .debug_str     0x000005bc       0x68 C:/Programs/avr-gcc-13.2.0-x64-windows/bin/../lib/gcc/avr/13.2.0/avr5\libgcc.a(_prologue.o)
 .debug_str     0x000005bc       0x68 C:/Programs/avr-gcc-13.2.0-x64-windows/bin/../lib/gcc/avr/13.2.0/avr5\libgcc.a(_epilogue.o)
 .debug_str     0x000005bc       0x68 C:/Programs/avr-gcc-13.2.0-x64-windows/bin/../lib/gcc/avr/13.2.0/avr5\libgcc.a(_umulhisi3.o)

.debug_loc
 *(.debug_loc)

.debug_macinfo
 *(.debug_macinfo)

.debug_weaknames
 *(.debug_weaknames)

.debug_funcnames
 *(.debug_funcnames)

.debug_typenames
 *(.debug_typenames)

.debug_varnames
 *(.debug_varnames)

.debug_pubtypes
 *(.debug_pubtypes)

.debug_ranges
 *(.debug_ranges)

.debug_addr
 *(.debug_addr)

.debug_line_str
                0x00000000      0x15f
 *(.debug_line_str)
 .debug_line_str
                0x00000000      0x15f ATMMEGA_Receiver.o
                                0x132 (size before relaxing)
 .debug_line_str
                0x0000015f       0x9e usart.o
 .debug_line_str
                0x0000015f       0xbe Software_UART.o
 .debug_line_str
                0x0000015f       0x5c C:/Programs/avr-gcc-13.2.0-x64-windows/bin/../lib/gcc/avr/13.2.0/avr5\libgcc.a(_exit.o)
 .debug_line_str
                0x0000015f       0x5c C:/Programs/avr-gcc-13.2.0-x64-windows/bin/../lib/gcc/avr/13.2.0/avr5\libgcc.a(_copy_data.o)
 .debug_line_str
                0x0000015f       0x5c C:/Programs/avr-gcc-13.2.0-x64-windows/bin/../lib/gcc/avr/13.2.0/avr5\libgcc.a(_clear_bss.o)
 .debug_line_str
                0x0000015f       0x5c C:/Programs/avr-gcc-13.2.0-x64-windows/bin/../lib/gcc/avr/13.2.0/avr5\libgcc.a(_muluhisi3.o)
 .debug_line_str
                0x0000015f       0x5c C:/Programs/avr-gcc-13.2.0-x64-windows/bin/../lib/gcc/avr/13.2.0/avr5\libgcc.a(_prologue.o)
 .debug_line_str
                0x0000015f       0x5c C:/Programs/avr-gcc-13.2.0-x64-windows/bin/../lib/gcc/avr/13.2.0/avr5\libgcc.a(_epilogue.o)
 .debug_line_str
                0x0000015f       0x5c C:/Programs/avr-gcc-13.2.0-x64-windows/bin/../lib/gcc/avr/13.2.0/avr5\libgcc.a(_umulhisi3.o)

.debug_loclists
                0x00000000      0x404
 *(.debug_loclists)
 .debug_loclists
                0x00000000      0x18e ATMMEGA_Receiver.o
 .debug_loclists
                0x0000018e      0x154 usart.o
 .debug_loclists
                0x000002e2      0x122 Software_UART.o

.debug_macro
 *(.debug_macro)

.debug_names
 *(.debug_names)

.debug_rnglists
                0x00000000       0x35
 *(.debug_rnglists)
 .debug_rnglists
                0x00000000       0x35 ATMMEGA_Receiver.o

.debug_str_offsets
 *(.debug_str_offsets)

.debug_sup
 *(.debug_sup)
OUTPUT(ATMMEGA_Receiver.elf elf32-avr)
LOAD linker stubs
