Archive member included to satisfy reference by file (symbol)

C:/Programs/avr-gcc-13.2.0-x64-windows/bin/../lib/gcc/avr/13.2.0/avr5\libgcc.a(_exit.o)
                              C:/Programs/avr-gcc-13.2.0-x64-windows/bin/../lib/gcc/avr/13.2.0/../../../../avr/lib/avr5/crtatmega328.o (exit)
C:/Programs/avr-gcc-13.2.0-x64-windows/bin/../lib/gcc/avr/13.2.0/avr5\libgcc.a(_copy_data.o)
                              ATMMEGA_Receiver.o (__do_copy_data)
C:/Programs/avr-gcc-13.2.0-x64-windows/bin/../lib/gcc/avr/13.2.0/avr5\libgcc.a(_clear_bss.o)
                              ATMMEGA_Receiver.o (__do_clear_bss)
C:/Programs/avr-gcc-13.2.0-x64-windows/bin/../lib/gcc/avr/13.2.0/../../../../avr/lib/avr5\libc.a(iob.o)
                              usart.o (__iob)
C:/Programs/avr-gcc-13.2.0-x64-windows/bin/../lib/gcc/avr/13.2.0/../../../../avr/lib/avr5\libc.a(printf.o)
                              ATMMEGA_Receiver.o (printf)
C:/Programs/avr-gcc-13.2.0-x64-windows/bin/../lib/gcc/avr/13.2.0/../../../../avr/lib/avr5\libc.a(puts.o)
                              ATMMEGA_Receiver.o (puts)
C:/Programs/avr-gcc-13.2.0-x64-windows/bin/../lib/gcc/avr/13.2.0/../../../../avr/lib/avr5\libc.a(vfprintf_std.o)
                              C:/Programs/avr-gcc-13.2.0-x64-windows/bin/../lib/gcc/avr/13.2.0/../../../../avr/lib/avr5\libc.a(printf.o) (vfprintf)
C:/Programs/avr-gcc-13.2.0-x64-windows/bin/../lib/gcc/avr/13.2.0/../../../../avr/lib/avr5\libc.a(strnlen_P.o)
                              C:/Programs/avr-gcc-13.2.0-x64-windows/bin/../lib/gcc/avr/13.2.0/../../../../avr/lib/avr5\libc.a(vfprintf_std.o) (strnlen_P)
C:/Programs/avr-gcc-13.2.0-x64-windows/bin/../lib/gcc/avr/13.2.0/../../../../avr/lib/avr5\libc.a(strnlen.o)
                              C:/Programs/avr-gcc-13.2.0-x64-windows/bin/../lib/gcc/avr/13.2.0/../../../../avr/lib/avr5\libc.a(vfprintf_std.o) (strnlen)
C:/Programs/avr-gcc-13.2.0-x64-windows/bin/../lib/gcc/avr/13.2.0/../../../../avr/lib/avr5\libc.a(fputc.o)
                              C:/Programs/avr-gcc-13.2.0-x64-windows/bin/../lib/gcc/avr/13.2.0/../../../../avr/lib/avr5\libc.a(vfprintf_std.o) (fputc)
C:/Programs/avr-gcc-13.2.0-x64-windows/bin/../lib/gcc/avr/13.2.0/../../../../avr/lib/avr5\libc.a(ultoa_invert.o)
                              C:/Programs/avr-gcc-13.2.0-x64-windows/bin/../lib/gcc/avr/13.2.0/../../../../avr/lib/avr5\libc.a(vfprintf_std.o) (__ultoa_invert)
C:/Programs/avr-gcc-13.2.0-x64-windows/bin/../lib/gcc/avr/13.2.0/avr5\libgcc.a(_prologue.o)
                              C:/Programs/avr-gcc-13.2.0-x64-windows/bin/../lib/gcc/avr/13.2.0/../../../../avr/lib/avr5\libc.a(printf.o) (__prologue_saves__)
C:/Programs/avr-gcc-13.2.0-x64-windows/bin/../lib/gcc/avr/13.2.0/avr5\libgcc.a(_epilogue.o)
                              C:/Programs/avr-gcc-13.2.0-x64-windows/bin/../lib/gcc/avr/13.2.0/../../../../avr/lib/avr5\libc.a(printf.o) (__epilogue_restores__)

There are no discarded input sections

Memory Configuration

Name             Origin             Length             Attributes
text             0x00000000         0x00020000         xr
data             0x00800060         0x0000ffa0         rw!x
eeprom           0x00810000         0x00010000         rw!x
fuse             0x00820000         0x00000003         rw!x
lock             0x00830000         0x00000400         rw!x
signature        0x00840000         0x00000400         rw!x
user_signatures  0x00850000         0x00000400         rw!x
*default*        0x00000000         0xffffffff

Linker script and memory map

Address of section .data set to 0x800100
LOAD C:/Programs/avr-gcc-13.2.0-x64-windows/bin/../lib/gcc/avr/13.2.0/../../../../avr/lib/avr5/crtatmega328.o
LOAD ATMMEGA_Receiver.o
LOAD usart.o
LOAD Software_UART.o
START GROUP
LOAD C:/Programs/avr-gcc-13.2.0-x64-windows/bin/../lib/gcc/avr/13.2.0/avr5\libgcc.a
LOAD C:/Programs/avr-gcc-13.2.0-x64-windows/bin/../lib/gcc/avr/13.2.0/../../../../avr/lib/avr5\libm.a
LOAD C:/Programs/avr-gcc-13.2.0-x64-windows/bin/../lib/gcc/avr/13.2.0/../../../../avr/lib/avr5\libc.a
LOAD C:/Programs/avr-gcc-13.2.0-x64-windows/bin/../lib/gcc/avr/13.2.0/../../../../avr/lib/avr5\libatmega328.a
END GROUP
                0x00020000                        __TEXT_REGION_LENGTH__ = DEFINED (__TEXT_REGION_LENGTH__)?__TEXT_REGION_LENGTH__:0x20000
                0x00800060                        __DATA_REGION_ORIGIN__ = DEFINED (__DATA_REGION_ORIGIN__)?__DATA_REGION_ORIGIN__:0x800060
                0x0000ffa0                        __DATA_REGION_LENGTH__ = DEFINED (__DATA_REGION_LENGTH__)?__DATA_REGION_LENGTH__:0xffa0
                0x00010000                        __EEPROM_REGION_LENGTH__ = DEFINED (__EEPROM_REGION_LENGTH__)?__EEPROM_REGION_LENGTH__:0x10000
                [0x00000003]                      __FUSE_REGION_LENGTH__ = DEFINED (__FUSE_REGION_LENGTH__)?__FUSE_REGION_LENGTH__:0x400
                0x00000400                        __LOCK_REGION_LENGTH__ = DEFINED (__LOCK_REGION_LENGTH__)?__LOCK_REGION_LENGTH__:0x400
                0x00000400                        __SIGNATURE_REGION_LENGTH__ = DEFINED (__SIGNATURE_REGION_LENGTH__)?__SIGNATURE_REGION_LENGTH__:0x400
                0x00000400                        __USER_SIGNATURE_REGION_LENGTH__ = DEFINED (__USER_SIGNATURE_REGION_LENGTH__)?__USER_SIGNATURE_REGION_LENGTH__:0x400

.hash
 *(.hash)

.dynsym
 *(.dynsym)

.dynstr
 *(.dynstr)

.gnu.version
 *(.gnu.version)

.gnu.version_d
 *(.gnu.version_d)

.gnu.version_r
 *(.gnu.version_r)

.rel.init
 *(.rel.init)

.rela.init
 *(.rela.init)

.rel.text
 *(.rel.text)
 *(.rel.text.*)
 *(.rel.gnu.linkonce.t*)

.rela.text
 *(.rela.text)
 *(.rela.text.*)
 *(.rela.gnu.linkonce.t*)

.rel.fini
 *(.rel.fini)

.rela.fini
 *(.rela.fini)

.rel.rodata
 *(.rel.rodata)
 *(.rel.rodata.*)
 *(.rel.gnu.linkonce.r*)

.rela.rodata
 *(.rela.rodata)
 *(.rela.rodata.*)
 *(.rela.gnu.linkonce.r*)

.rel.data
 *(.rel.data)
 *(.rel.data.*)
 *(.rel.gnu.linkonce.d*)

.rela.data
 *(.rela.data)
 *(.rela.data.*)
 *(.rela.gnu.linkonce.d*)

.rel.ctors
 *(.rel.ctors)

.rela.ctors
 *(.rela.ctors)

.rel.dtors
 *(.rel.dtors)

.rela.dtors
 *(.rela.dtors)

.rel.got
 *(.rel.got)

.rela.got
 *(.rela.got)

.rel.bss
 *(.rel.bss)

.rela.bss
 *(.rela.bss)

.rel.plt
 *(.rel.plt)

.rela.plt
 *(.rela.plt)

.text           0x00000000      0xb9a
 *(.vectors)
 .vectors       0x00000000       0x68 C:/Programs/avr-gcc-13.2.0-x64-windows/bin/../lib/gcc/avr/13.2.0/../../../../avr/lib/avr5/crtatmega328.o
                0x00000000                __vector_default
                0x00000000                __vectors
 *(.vectors)
 *(.progmem.gcc*)
                0x00000068                        . = ALIGN (0x2)
                0x00000068                        __trampolines_start = .
 *(.trampolines)
 .trampolines   0x00000068        0x0 linker stubs
 *(.trampolines*)
                0x00000068                        __trampolines_end = .
 *libprintf_flt.a:*(.progmem.data)
 *libc.a:*(.progmem.data)
 *(.progmem.*)
                0x00000068                        . = ALIGN (0x2)
 *(.lowtext)
 *(.lowtext*)
                0x00000068                        __ctors_start = .
 *(.ctors)
                0x00000068                        __ctors_end = .
                0x00000068                        __dtors_start = .
 *(.dtors)
                0x00000068                        __dtors_end = .
 SORT_BY_NAME(*)(.ctors)
 SORT_BY_NAME(*)(.dtors)
 *(.init0)
 .init0         0x00000068        0x0 C:/Programs/avr-gcc-13.2.0-x64-windows/bin/../lib/gcc/avr/13.2.0/../../../../avr/lib/avr5/crtatmega328.o
                0x00000068                __init
 *(.init0)
 *(.init1)
 *(.init1)
 *(.init2)
 .init2         0x00000068        0xc C:/Programs/avr-gcc-13.2.0-x64-windows/bin/../lib/gcc/avr/13.2.0/../../../../avr/lib/avr5/crtatmega328.o
 *(.init2)
 *(.init3)
 *(.init3)
 *(.init4)
 .init4         0x00000074       0x16 C:/Programs/avr-gcc-13.2.0-x64-windows/bin/../lib/gcc/avr/13.2.0/avr5\libgcc.a(_copy_data.o)
                0x00000074                __do_copy_data
 .init4         0x0000008a       0x10 C:/Programs/avr-gcc-13.2.0-x64-windows/bin/../lib/gcc/avr/13.2.0/avr5\libgcc.a(_clear_bss.o)
                0x0000008a                __do_clear_bss
 *(.init4)
 *(.init5)
 *(.init5)
 *(.init6)
 *(.init6)
 *(.init7)
 *(.init7)
 *(.init8)
 *(.init8)
 *(.init9)
 .init9         0x0000009a        0x8 C:/Programs/avr-gcc-13.2.0-x64-windows/bin/../lib/gcc/avr/13.2.0/../../../../avr/lib/avr5/crtatmega328.o
 *(.init9)
 *(.text)
 .text          0x000000a2        0x4 C:/Programs/avr-gcc-13.2.0-x64-windows/bin/../lib/gcc/avr/13.2.0/../../../../avr/lib/avr5/crtatmega328.o
                0x000000a2                __vector_22
                0x000000a2                __vector_1
                0x000000a2                __vector_24
                0x000000a2                __vector_12
                0x000000a2                __bad_interrupt
                0x000000a2                __vector_6
                0x000000a2                __vector_3
                0x000000a2                __vector_23
                0x000000a2                __vector_25
                0x000000a2                __vector_13
                0x000000a2                __vector_17
                0x000000a2                __vector_19
                0x000000a2                __vector_7
                0x000000a2                __vector_5
                0x000000a2                __vector_4
                0x000000a2                __vector_9
                0x000000a2                __vector_2
                0x000000a2                __vector_21
                0x000000a2                __vector_15
                0x000000a2                __vector_8
                0x000000a2                __vector_14
                0x000000a2                __vector_10
                0x000000a2                __vector_16
                0x000000a2                __vector_18
                0x000000a2                __vector_20
 .text          0x000000a6       0xde ATMMEGA_Receiver.o
                0x000000a6                wait_1ms
                0x000000c2                waitms
                0x000000da                ConfigurePins
                0x000000f8                SendATCommand
 .text          0x00000184       0xe8 usart.o
                0x00000184                usart_init
                0x000001c0                usart_putchar
                0x000001ce                usart_putchar_printf
                0x000001ea                usart_getchar
                0x000001f8                usart_kbhit
                0x00000204                usart_pstr
                0x0000021c                usart_gets
 .text          0x0000026c      0x296 Software_UART.o
                0x0000026c                __vector_11
                0x00000466                Init_Software_Uart
                0x00000486                SendByte1
                0x0000049a                SendString1
                0x000004b2                GetByte1
                0x000004c4                GetString1
 .text          0x00000502        0x0 C:/Programs/avr-gcc-13.2.0-x64-windows/bin/../lib/gcc/avr/13.2.0/avr5\libgcc.a(_exit.o)
 .text          0x00000502        0x0 C:/Programs/avr-gcc-13.2.0-x64-windows/bin/../lib/gcc/avr/13.2.0/avr5\libgcc.a(_copy_data.o)
 .text          0x00000502        0x0 C:/Programs/avr-gcc-13.2.0-x64-windows/bin/../lib/gcc/avr/13.2.0/avr5\libgcc.a(_clear_bss.o)
 .text          0x00000502        0x0 C:/Programs/avr-gcc-13.2.0-x64-windows/bin/../lib/gcc/avr/13.2.0/../../../../avr/lib/avr5\libc.a(iob.o)
 .text          0x00000502        0x0 C:/Programs/avr-gcc-13.2.0-x64-windows/bin/../lib/gcc/avr/13.2.0/../../../../avr/lib/avr5\libc.a(printf.o)
 .text          0x00000502        0x0 C:/Programs/avr-gcc-13.2.0-x64-windows/bin/../lib/gcc/avr/13.2.0/../../../../avr/lib/avr5\libc.a(puts.o)
 .text          0x00000502        0x0 C:/Programs/avr-gcc-13.2.0-x64-windows/bin/../lib/gcc/avr/13.2.0/../../../../avr/lib/avr5\libc.a(vfprintf_std.o)
 .text          0x00000502        0x0 C:/Programs/avr-gcc-13.2.0-x64-windows/bin/../lib/gcc/avr/13.2.0/../../../../avr/lib/avr5\libc.a(strnlen_P.o)
 .text          0x00000502        0x0 C:/Programs/avr-gcc-13.2.0-x64-windows/bin/../lib/gcc/avr/13.2.0/../../../../avr/lib/avr5\libc.a(strnlen.o)
 .text          0x00000502        0x0 C:/Programs/avr-gcc-13.2.0-x64-windows/bin/../lib/gcc/avr/13.2.0/../../../../avr/lib/avr5\libc.a(fputc.o)
 .text          0x00000502        0x0 C:/Programs/avr-gcc-13.2.0-x64-windows/bin/../lib/gcc/avr/13.2.0/../../../../avr/lib/avr5\libc.a(ultoa_invert.o)
 .text          0x00000502        0x0 C:/Programs/avr-gcc-13.2.0-x64-windows/bin/../lib/gcc/avr/13.2.0/avr5\libgcc.a(_prologue.o)
 .text          0x00000502        0x0 C:/Programs/avr-gcc-13.2.0-x64-windows/bin/../lib/gcc/avr/13.2.0/avr5\libgcc.a(_epilogue.o)
                0x00000502                        . = ALIGN (0x2)
 *(.text.*)
 .text.startup  0x00000502       0xa4 ATMMEGA_Receiver.o
                0x00000502                main
 .text.libgcc.mul
                0x000005a6        0x0 C:/Programs/avr-gcc-13.2.0-x64-windows/bin/../lib/gcc/avr/13.2.0/avr5\libgcc.a(_exit.o)
 .text.libgcc.div
                0x000005a6        0x0 C:/Programs/avr-gcc-13.2.0-x64-windows/bin/../lib/gcc/avr/13.2.0/avr5\libgcc.a(_exit.o)
 .text.libgcc   0x000005a6        0x0 C:/Programs/avr-gcc-13.2.0-x64-windows/bin/../lib/gcc/avr/13.2.0/avr5\libgcc.a(_exit.o)
 .text.libgcc.prologue
                0x000005a6        0x0 C:/Programs/avr-gcc-13.2.0-x64-windows/bin/../lib/gcc/avr/13.2.0/avr5\libgcc.a(_exit.o)
 .text.libgcc.builtins
                0x000005a6        0x0 C:/Programs/avr-gcc-13.2.0-x64-windows/bin/../lib/gcc/avr/13.2.0/avr5\libgcc.a(_exit.o)
 .text.libgcc.fmul
                0x000005a6        0x0 C:/Programs/avr-gcc-13.2.0-x64-windows/bin/../lib/gcc/avr/13.2.0/avr5\libgcc.a(_exit.o)
 .text.libgcc.fixed
                0x000005a6        0x0 C:/Programs/avr-gcc-13.2.0-x64-windows/bin/../lib/gcc/avr/13.2.0/avr5\libgcc.a(_exit.o)
 .text.libgcc.mul
                0x000005a6        0x0 C:/Programs/avr-gcc-13.2.0-x64-windows/bin/../lib/gcc/avr/13.2.0/avr5\libgcc.a(_copy_data.o)
 .text.libgcc.div
                0x000005a6        0x0 C:/Programs/avr-gcc-13.2.0-x64-windows/bin/../lib/gcc/avr/13.2.0/avr5\libgcc.a(_copy_data.o)
 .text.libgcc   0x000005a6        0x0 C:/Programs/avr-gcc-13.2.0-x64-windows/bin/../lib/gcc/avr/13.2.0/avr5\libgcc.a(_copy_data.o)
 .text.libgcc.prologue
                0x000005a6        0x0 C:/Programs/avr-gcc-13.2.0-x64-windows/bin/../lib/gcc/avr/13.2.0/avr5\libgcc.a(_copy_data.o)
 .text.libgcc.builtins
                0x000005a6        0x0 C:/Programs/avr-gcc-13.2.0-x64-windows/bin/../lib/gcc/avr/13.2.0/avr5\libgcc.a(_copy_data.o)
 .text.libgcc.fmul
                0x000005a6        0x0 C:/Programs/avr-gcc-13.2.0-x64-windows/bin/../lib/gcc/avr/13.2.0/avr5\libgcc.a(_copy_data.o)
 .text.libgcc.fixed
                0x000005a6        0x0 C:/Programs/avr-gcc-13.2.0-x64-windows/bin/../lib/gcc/avr/13.2.0/avr5\libgcc.a(_copy_data.o)
 .text.libgcc.mul
                0x000005a6        0x0 C:/Programs/avr-gcc-13.2.0-x64-windows/bin/../lib/gcc/avr/13.2.0/avr5\libgcc.a(_clear_bss.o)
 .text.libgcc.div
                0x000005a6        0x0 C:/Programs/avr-gcc-13.2.0-x64-windows/bin/../lib/gcc/avr/13.2.0/avr5\libgcc.a(_clear_bss.o)
 .text.libgcc   0x000005a6        0x0 C:/Programs/avr-gcc-13.2.0-x64-windows/bin/../lib/gcc/avr/13.2.0/avr5\libgcc.a(_clear_bss.o)
 .text.libgcc.prologue
                0x000005a6        0x0 C:/Programs/avr-gcc-13.2.0-x64-windows/bin/../lib/gcc/avr/13.2.0/avr5\libgcc.a(_clear_bss.o)
 .text.libgcc.builtins
                0x000005a6        0x0 C:/Programs/avr-gcc-13.2.0-x64-windows/bin/../lib/gcc/avr/13.2.0/avr5\libgcc.a(_clear_bss.o)
 .text.libgcc.fmul
                0x000005a6        0x0 C:/Programs/avr-gcc-13.2.0-x64-windows/bin/../lib/gcc/avr/13.2.0/avr5\libgcc.a(_clear_bss.o)
 .text.libgcc.fixed
                0x000005a6        0x0 C:/Programs/avr-gcc-13.2.0-x64-windows/bin/../lib/gcc/avr/13.2.0/avr5\libgcc.a(_clear_bss.o)
 .text.avr-libc
                0x000005a6       0x2c C:/Programs/avr-gcc-13.2.0-x64-windows/bin/../lib/gcc/avr/13.2.0/../../../../avr/lib/avr5\libc.a(printf.o)
                0x000005a6                printf
 .text.avr-libc
                0x000005d2       0x58 C:/Programs/avr-gcc-13.2.0-x64-windows/bin/../lib/gcc/avr/13.2.0/../../../../avr/lib/avr5\libc.a(puts.o)
                0x000005d2                puts
 .text.avr-libc
                0x0000062a      0x3b6 C:/Programs/avr-gcc-13.2.0-x64-windows/bin/../lib/gcc/avr/13.2.0/../../../../avr/lib/avr5\libc.a(vfprintf_std.o)
                0x0000062a                vfprintf
 .text.avr-libc
                0x000009e0       0x16 C:/Programs/avr-gcc-13.2.0-x64-windows/bin/../lib/gcc/avr/13.2.0/../../../../avr/lib/avr5\libc.a(strnlen_P.o)
                0x000009e0                strnlen_P
 .text.avr-libc
                0x000009f6       0x16 C:/Programs/avr-gcc-13.2.0-x64-windows/bin/../lib/gcc/avr/13.2.0/../../../../avr/lib/avr5\libc.a(strnlen.o)
                0x000009f6                strnlen
 .text.avr-libc
                0x00000a0c       0x60 C:/Programs/avr-gcc-13.2.0-x64-windows/bin/../lib/gcc/avr/13.2.0/../../../../avr/lib/avr5\libc.a(fputc.o)
                0x00000a0c                fputc
 .text.avr-libc
                0x00000a6c       0xbc C:/Programs/avr-gcc-13.2.0-x64-windows/bin/../lib/gcc/avr/13.2.0/../../../../avr/lib/avr5\libc.a(ultoa_invert.o)
                0x00000a6c                __ultoa_invert
 .text.libgcc.mul
                0x00000b28        0x0 C:/Programs/avr-gcc-13.2.0-x64-windows/bin/../lib/gcc/avr/13.2.0/avr5\libgcc.a(_prologue.o)
 .text.libgcc.div
                0x00000b28        0x0 C:/Programs/avr-gcc-13.2.0-x64-windows/bin/../lib/gcc/avr/13.2.0/avr5\libgcc.a(_prologue.o)
 .text.libgcc   0x00000b28        0x0 C:/Programs/avr-gcc-13.2.0-x64-windows/bin/../lib/gcc/avr/13.2.0/avr5\libgcc.a(_prologue.o)
 .text.libgcc.prologue
                0x00000b28       0x38 C:/Programs/avr-gcc-13.2.0-x64-windows/bin/../lib/gcc/avr/13.2.0/avr5\libgcc.a(_prologue.o)
                0x00000b28                __prologue_saves__
 .text.libgcc.builtins
                0x00000b60        0x0 C:/Programs/avr-gcc-13.2.0-x64-windows/bin/../lib/gcc/avr/13.2.0/avr5\libgcc.a(_prologue.o)
 .text.libgcc.fmul
                0x00000b60        0x0 C:/Programs/avr-gcc-13.2.0-x64-windows/bin/../lib/gcc/avr/13.2.0/avr5\libgcc.a(_prologue.o)
 .text.libgcc.fixed
                0x00000b60        0x0 C:/Programs/avr-gcc-13.2.0-x64-windows/bin/../lib/gcc/avr/13.2.0/avr5\libgcc.a(_prologue.o)
 .text.libgcc.mul
                0x00000b60        0x0 C:/Programs/avr-gcc-13.2.0-x64-windows/bin/../lib/gcc/avr/13.2.0/avr5\libgcc.a(_epilogue.o)
 .text.libgcc.div
                0x00000b60        0x0 C:/Programs/avr-gcc-13.2.0-x64-windows/bin/../lib/gcc/avr/13.2.0/avr5\libgcc.a(_epilogue.o)
 .text.libgcc   0x00000b60        0x0 C:/Programs/avr-gcc-13.2.0-x64-windows/bin/../lib/gcc/avr/13.2.0/avr5\libgcc.a(_epilogue.o)
 .text.libgcc.prologue
                0x00000b60       0x36 C:/Programs/avr-gcc-13.2.0-x64-windows/bin/../lib/gcc/avr/13.2.0/avr5\libgcc.a(_epilogue.o)
                0x00000b60                __epilogue_restores__
 .text.libgcc.builtins
                0x00000b96        0x0 C:/Programs/avr-gcc-13.2.0-x64-windows/bin/../lib/gcc/avr/13.2.0/avr5\libgcc.a(_epilogue.o)
 .text.libgcc.fmul
                0x00000b96        0x0 C:/Programs/avr-gcc-13.2.0-x64-windows/bin/../lib/gcc/avr/13.2.0/avr5\libgcc.a(_epilogue.o)
 .text.libgcc.fixed
                0x00000b96        0x0 C:/Programs/avr-gcc-13.2.0-x64-windows/bin/../lib/gcc/avr/13.2.0/avr5\libgcc.a(_epilogue.o)
                0x00000b96                        . = ALIGN (0x2)
 *(.fini9)
 .fini9         0x00000b96        0x0 C:/Programs/avr-gcc-13.2.0-x64-windows/bin/../lib/gcc/avr/13.2.0/avr5\libgcc.a(_exit.o)
                0x00000b96                _exit
                0x00000b96                exit
 *(.fini9)
 *(.fini8)
 *(.fini8)
 *(.fini7)
 *(.fini7)
 *(.fini6)
 *(.fini6)
 *(.fini5)
 *(.fini5)
 *(.fini4)
 *(.fini4)
 *(.fini3)
 *(.fini3)
 *(.fini2)
 *(.fini2)
 *(.fini1)
 *(.fini1)
 *(.fini0)
 .fini0         0x00000b96        0x4 C:/Programs/avr-gcc-13.2.0-x64-windows/bin/../lib/gcc/avr/13.2.0/avr5\libgcc.a(_exit.o)
 *(.fini0)
 *(.hightext)
 *(.hightext*)
 *(.progmemx.*)
                0x00000b9a                        . = ALIGN (0x2)
 *(.jumptables)
 *(.jumptables*)
                0x00000b9a                        _etext = .

.data           0x00800100       0x84 load address 0x00000b9a
                0x00800100                        PROVIDE (__data_start = .)
 *(.data)
 .data          0x00800100        0x0 C:/Programs/avr-gcc-13.2.0-x64-windows/bin/../lib/gcc/avr/13.2.0/../../../../avr/lib/avr5/crtatmega328.o
 .data          0x00800100        0x8 ATMMEGA_Receiver.o
                0x00800100                ISR_PD5
                0x00800102                ISR_PD6
                0x00800104                ISR_PD7
                0x00800106                ISR_PB0
 .data          0x00800108        0xe usart.o
 .data          0x00800116        0x0 Software_UART.o
 .data          0x00800116        0x0 C:/Programs/avr-gcc-13.2.0-x64-windows/bin/../lib/gcc/avr/13.2.0/avr5\libgcc.a(_exit.o)
 .data          0x00800116        0x0 C:/Programs/avr-gcc-13.2.0-x64-windows/bin/../lib/gcc/avr/13.2.0/avr5\libgcc.a(_copy_data.o)
 .data          0x00800116        0x0 C:/Programs/avr-gcc-13.2.0-x64-windows/bin/../lib/gcc/avr/13.2.0/avr5\libgcc.a(_clear_bss.o)
 .data          0x00800116        0x0 C:/Programs/avr-gcc-13.2.0-x64-windows/bin/../lib/gcc/avr/13.2.0/../../../../avr/lib/avr5\libc.a(iob.o)
 .data          0x00800116        0x0 C:/Programs/avr-gcc-13.2.0-x64-windows/bin/../lib/gcc/avr/13.2.0/../../../../avr/lib/avr5\libc.a(printf.o)
 .data          0x00800116        0x0 C:/Programs/avr-gcc-13.2.0-x64-windows/bin/../lib/gcc/avr/13.2.0/../../../../avr/lib/avr5\libc.a(puts.o)
 .data          0x00800116        0x0 C:/Programs/avr-gcc-13.2.0-x64-windows/bin/../lib/gcc/avr/13.2.0/../../../../avr/lib/avr5\libc.a(vfprintf_std.o)
 .data          0x00800116        0x0 C:/Programs/avr-gcc-13.2.0-x64-windows/bin/../lib/gcc/avr/13.2.0/../../../../avr/lib/avr5\libc.a(strnlen_P.o)
 .data          0x00800116        0x0 C:/Programs/avr-gcc-13.2.0-x64-windows/bin/../lib/gcc/avr/13.2.0/../../../../avr/lib/avr5\libc.a(strnlen.o)
 .data          0x00800116        0x0 C:/Programs/avr-gcc-13.2.0-x64-windows/bin/../lib/gcc/avr/13.2.0/../../../../avr/lib/avr5\libc.a(fputc.o)
 .data          0x00800116        0x0 C:/Programs/avr-gcc-13.2.0-x64-windows/bin/../lib/gcc/avr/13.2.0/../../../../avr/lib/avr5\libc.a(ultoa_invert.o)
 .data          0x00800116        0x0 C:/Programs/avr-gcc-13.2.0-x64-windows/bin/../lib/gcc/avr/13.2.0/avr5\libgcc.a(_prologue.o)
 .data          0x00800116        0x0 C:/Programs/avr-gcc-13.2.0-x64-windows/bin/../lib/gcc/avr/13.2.0/avr5\libgcc.a(_epilogue.o)
 *(.data*)
 *(.gnu.linkonce.d*)
 *(.rodata)
 *(.rodata*)
 .rodata.str1.1
                0x00800116       0x6d ATMMEGA_Receiver.o
 *(.gnu.linkonce.r*)
                0x00800184                        . = ALIGN (0x2)
 *fill*         0x00800183        0x1 
                0x00800184                        _edata = .
                0x00800184                        PROVIDE (__data_end = .)

.bss            0x00800184       0x10
                0x00800184                        PROVIDE (__bss_start = .)
 *(.bss)
 .bss           0x00800184        0x0 C:/Programs/avr-gcc-13.2.0-x64-windows/bin/../lib/gcc/avr/13.2.0/../../../../avr/lib/avr5/crtatmega328.o
 .bss           0x00800184        0x4 ATMMEGA_Receiver.o
                0x00800184                cnt
                0x00800186                ISR_cnt
 .bss           0x00800188        0x0 usart.o
 .bss           0x00800188        0x6 Software_UART.o
                0x00800188                TXD_DATA
                0x00800189                RXD_DATA
                0x0080018a                RXD_SR
                0x0080018b                RXD_FLAG
                0x0080018c                TXD_state
                0x0080018d                RXD_state
 .bss           0x0080018e        0x0 C:/Programs/avr-gcc-13.2.0-x64-windows/bin/../lib/gcc/avr/13.2.0/avr5\libgcc.a(_exit.o)
 .bss           0x0080018e        0x0 C:/Programs/avr-gcc-13.2.0-x64-windows/bin/../lib/gcc/avr/13.2.0/avr5\libgcc.a(_copy_data.o)
 .bss           0x0080018e        0x0 C:/Programs/avr-gcc-13.2.0-x64-windows/bin/../lib/gcc/avr/13.2.0/avr5\libgcc.a(_clear_bss.o)
 .bss           0x0080018e        0x6 C:/Programs/avr-gcc-13.2.0-x64-windows/bin/../lib/gcc/avr/13.2.0/../../../../avr/lib/avr5\libc.a(iob.o)
                0x0080018e                __iob
 .bss           0x00800194        0x0 C:/Programs/avr-gcc-13.2.0-x64-windows/bin/../lib/gcc/avr/13.2.0/../../../../avr/lib/avr5\libc.a(printf.o)
 .bss           0x00800194        0x0 C:/Programs/avr-gcc-13.2.0-x64-windows/bin/../lib/gcc/avr/13.2.0/../../../../avr/lib/avr5\libc.a(puts.o)
 .bss           0x00800194        0x0 C:/Programs/avr-gcc-13.2.0-x64-windows/bin/../lib/gcc/avr/13.2.0/../../../../avr/lib/avr5\libc.a(vfprintf_std.o)
 .bss           0x00800194        0x0 C:/Programs/avr-gcc-13.2.0-x64-windows/bin/../lib/gcc/avr/13.2.0/../../../../avr/lib/avr5\libc.a(strnlen_P.o)
 .bss           0x00800194        0x0 C:/Programs/avr-gcc-13.2.0-x64-windows/bin/../lib/gcc/avr/13.2.0/../../../../avr/lib/avr5\libc.a(strnlen.o)
 .bss           0x00800194        0x0 C:/Programs/avr-gcc-13.2.0-x64-windows/bin/../lib/gcc/avr/13.2.0/../../../../avr/lib/avr5\libc.a(fputc.o)
 .bss           0x00800194        0x0 C:/Programs/avr-gcc-13.2.0-x64-windows/bin/../lib/gcc/avr/13.2.0/../../../../avr/lib/avr5\libc.a(ultoa_invert.o)
 .bss           0x00800194        0x0 C:/Programs/avr-gcc-13.2.0-x64-windows/bin/../lib/gcc/avr/13.2.0/avr5\libgcc.a(_prologue.o)
 .bss           0x00800194        0x0 C:/Programs/avr-gcc-13.2.0-x64-windows/bin/../lib/gcc/avr/13.2.0/avr5\libgcc.a(_epilogue.o)
 *(.bss*)
 *(COMMON)
                0x00800194                        PROVIDE (__bss_end = .)
                0x00000b9a                        __data_load_start = LOADADDR (.data)
                0x00000c1e                        __data_load_end = (__data_load_start + SIZEOF (.data))

.noinit         0x00800194        0x0
                [!provide]                        PROVIDE (__noinit_start = .)
 *(.noinit .noinit.* .gnu.linkonce.n.*)
                [!provide]                        PROVIDE (__noinit_end = .)
                0x00800194                        _end = .
                [!provide]                        PROVIDE (__heap_start = .)

.eeprom         0x00810000        0x0
 *(.eeprom*)
                0x00810000                        __eeprom_end = .

.fuse
 *(.fuse)
 *(.lfuse)
 *(.hfuse)
 *(.efuse)

.lock
 *(.lock*)

.signature
 *(.signature*)

.stab
 *(.stab)

.stabstr
 *(.stabstr)

.stab.excl
 *(.stab.excl)

.stab.exclstr
 *(.stab.exclstr)

.stab.index
 *(.stab.index)

.stab.indexstr
 *(.stab.indexstr)

.comment        0x00000000       0x12
 *(.comment)
 .comment       0x00000000       0x12 ATMMEGA_Receiver.o
                                 0x13 (size before relaxing)
 .comment       0x00000012       0x13 usart.o
 .comment       0x00000012       0x13 Software_UART.o
 .comment       0x00000012       0x13 C:/Programs/avr-gcc-13.2.0-x64-windows/bin/../lib/gcc/avr/13.2.0/../../../../avr/lib/avr5\libc.a(iob.o)
 .comment       0x00000012       0x13 C:/Programs/avr-gcc-13.2.0-x64-windows/bin/../lib/gcc/avr/13.2.0/../../../../avr/lib/avr5\libc.a(printf.o)
 .comment       0x00000012       0x13 C:/Programs/avr-gcc-13.2.0-x64-windows/bin/../lib/gcc/avr/13.2.0/../../../../avr/lib/avr5\libc.a(puts.o)
 .comment       0x00000012       0x13 C:/Programs/avr-gcc-13.2.0-x64-windows/bin/../lib/gcc/avr/13.2.0/../../../../avr/lib/avr5\libc.a(vfprintf_std.o)
 .comment       0x00000012       0x13 C:/Programs/avr-gcc-13.2.0-x64-windows/bin/../lib/gcc/avr/13.2.0/../../../../avr/lib/avr5\libc.a(fputc.o)

.note.gnu.avr.deviceinfo
                0x00000000       0x3c
 .note.gnu.avr.deviceinfo
                0x00000000       0x3c C:/Programs/avr-gcc-13.2.0-x64-windows/bin/../lib/gcc/avr/13.2.0/../../../../avr/lib/avr5/crtatmega328.o

.gnu.build.attributes
 *(.gnu.build.attributes .gnu.build.attributes.*)

.note.gnu.build-id
 *(.note.gnu.build-id)

.debug
 *(.debug)

.line
 *(.line)

.debug_srcinfo
 *(.debug_srcinfo)

.debug_sfnames
 *(.debug_sfnames)

.debug_aranges  0x00000000      0x108
 *(.debug_aranges)
 .debug_aranges
                0x00000000       0x28 ATMMEGA_Receiver.o
 .debug_aranges
                0x00000028       0x20 usart.o
 .debug_aranges
                0x00000048       0x20 Software_UART.o
 .debug_aranges
                0x00000068       0x20 C:/Programs/avr-gcc-13.2.0-x64-windows/bin/../lib/gcc/avr/13.2.0/avr5\libgcc.a(_exit.o)
 .debug_aranges
                0x00000088       0x20 C:/Programs/avr-gcc-13.2.0-x64-windows/bin/../lib/gcc/avr/13.2.0/avr5\libgcc.a(_copy_data.o)
 .debug_aranges
                0x000000a8       0x20 C:/Programs/avr-gcc-13.2.0-x64-windows/bin/../lib/gcc/avr/13.2.0/avr5\libgcc.a(_clear_bss.o)
 .debug_aranges
                0x000000c8       0x20 C:/Programs/avr-gcc-13.2.0-x64-windows/bin/../lib/gcc/avr/13.2.0/avr5\libgcc.a(_prologue.o)
 .debug_aranges
                0x000000e8       0x20 C:/Programs/avr-gcc-13.2.0-x64-windows/bin/../lib/gcc/avr/13.2.0/avr5\libgcc.a(_epilogue.o)

.debug_pubnames
 *(.debug_pubnames)

.debug_info     0x00000000     0x11fb
 *(.debug_info .gnu.linkonce.wi.*)
 .debug_info    0x00000000      0x5f4 C:/Programs/avr-gcc-13.2.0-x64-windows/bin/../lib/gcc/avr/13.2.0/../../../../avr/lib/avr5/crtatmega328.o
 .debug_info    0x000005f4      0x67e ATMMEGA_Receiver.o
 .debug_info    0x00000c72      0x2ce usart.o
 .debug_info    0x00000f40      0x207 Software_UART.o
 .debug_info    0x00001147       0x24 C:/Programs/avr-gcc-13.2.0-x64-windows/bin/../lib/gcc/avr/13.2.0/avr5\libgcc.a(_exit.o)
 .debug_info    0x0000116b       0x24 C:/Programs/avr-gcc-13.2.0-x64-windows/bin/../lib/gcc/avr/13.2.0/avr5\libgcc.a(_copy_data.o)
 .debug_info    0x0000118f       0x24 C:/Programs/avr-gcc-13.2.0-x64-windows/bin/../lib/gcc/avr/13.2.0/avr5\libgcc.a(_clear_bss.o)
 .debug_info    0x000011b3       0x24 C:/Programs/avr-gcc-13.2.0-x64-windows/bin/../lib/gcc/avr/13.2.0/avr5\libgcc.a(_prologue.o)
 .debug_info    0x000011d7       0x24 C:/Programs/avr-gcc-13.2.0-x64-windows/bin/../lib/gcc/avr/13.2.0/avr5\libgcc.a(_epilogue.o)

.debug_abbrev   0x00000000      0xba6
 *(.debug_abbrev)
 .debug_abbrev  0x00000000      0x5a2 C:/Programs/avr-gcc-13.2.0-x64-windows/bin/../lib/gcc/avr/13.2.0/../../../../avr/lib/avr5/crtatmega328.o
 .debug_abbrev  0x000005a2      0x2ce ATMMEGA_Receiver.o
 .debug_abbrev  0x00000870      0x1ca usart.o
 .debug_abbrev  0x00000a3a      0x108 Software_UART.o
 .debug_abbrev  0x00000b42       0x14 C:/Programs/avr-gcc-13.2.0-x64-windows/bin/../lib/gcc/avr/13.2.0/avr5\libgcc.a(_exit.o)
 .debug_abbrev  0x00000b56       0x14 C:/Programs/avr-gcc-13.2.0-x64-windows/bin/../lib/gcc/avr/13.2.0/avr5\libgcc.a(_copy_data.o)
 .debug_abbrev  0x00000b6a       0x14 C:/Programs/avr-gcc-13.2.0-x64-windows/bin/../lib/gcc/avr/13.2.0/avr5\libgcc.a(_clear_bss.o)
 .debug_abbrev  0x00000b7e       0x14 C:/Programs/avr-gcc-13.2.0-x64-windows/bin/../lib/gcc/avr/13.2.0/avr5\libgcc.a(_prologue.o)
 .debug_abbrev  0x00000b92       0x14 C:/Programs/avr-gcc-13.2.0-x64-windows/bin/../lib/gcc/avr/13.2.0/avr5\libgcc.a(_epilogue.o)

.debug_line     0x00000000     0x1251
 *(.debug_line .debug_line.* .debug_line_end)
 .debug_line    0x00000000       0x1d C:/Programs/avr-gcc-13.2.0-x64-windows/bin/../lib/gcc/avr/13.2.0/../../../../avr/lib/avr5/crtatmega328.o
 .debug_line    0x0000001d      0x52e ATMMEGA_Receiver.o
 .debug_line    0x0000054b      0x32b usart.o
 .debug_line    0x00000876      0x6ba Software_UART.o
 .debug_line    0x00000f30       0x51 C:/Programs/avr-gcc-13.2.0-x64-windows/bin/../lib/gcc/avr/13.2.0/avr5\libgcc.a(_exit.o)
 .debug_line    0x00000f81       0x87 C:/Programs/avr-gcc-13.2.0-x64-windows/bin/../lib/gcc/avr/13.2.0/avr5\libgcc.a(_copy_data.o)
 .debug_line    0x00001008       0x75 C:/Programs/avr-gcc-13.2.0-x64-windows/bin/../lib/gcc/avr/13.2.0/avr5\libgcc.a(_clear_bss.o)
 .debug_line    0x0000107d       0xed C:/Programs/avr-gcc-13.2.0-x64-windows/bin/../lib/gcc/avr/13.2.0/avr5\libgcc.a(_prologue.o)
 .debug_line    0x0000116a       0xe7 C:/Programs/avr-gcc-13.2.0-x64-windows/bin/../lib/gcc/avr/13.2.0/avr5\libgcc.a(_epilogue.o)

.debug_frame    0x00000000      0x200
 *(.debug_frame)
 .debug_frame   0x00000000       0x9c ATMMEGA_Receiver.o
 .debug_frame   0x0000009c       0xbc usart.o
 .debug_frame   0x00000158       0xa8 Software_UART.o

.debug_str      0x00000000      0x5ae
 *(.debug_str)
 .debug_str     0x00000000      0x20b C:/Programs/avr-gcc-13.2.0-x64-windows/bin/../lib/gcc/avr/13.2.0/../../../../avr/lib/avr5/crtatmega328.o
 .debug_str     0x0000020b      0x3a3 ATMMEGA_Receiver.o
                                0x2b2 (size before relaxing)
 .debug_str     0x000005ae      0x168 usart.o
 .debug_str     0x000005ae      0x159 Software_UART.o
 .debug_str     0x000005ae       0x68 C:/Programs/avr-gcc-13.2.0-x64-windows/bin/../lib/gcc/avr/13.2.0/avr5\libgcc.a(_exit.o)
 .debug_str     0x000005ae       0x68 C:/Programs/avr-gcc-13.2.0-x64-windows/bin/../lib/gcc/avr/13.2.0/avr5\libgcc.a(_copy_data.o)
 .debug_str     0x000005ae       0x68 C:/Programs/avr-gcc-13.2.0-x64-windows/bin/../lib/gcc/avr/13.2.0/avr5\libgcc.a(_clear_bss.o)
 .debug_str     0x000005ae       0x68 C:/Programs/avr-gcc-13.2.0-x64-windows/bin/../lib/gcc/avr/13.2.0/avr5\libgcc.a(_prologue.o)
 .debug_str     0x000005ae       0x68 C:/Programs/avr-gcc-13.2.0-x64-windows/bin/../lib/gcc/avr/13.2.0/avr5\libgcc.a(_epilogue.o)

.debug_loc
 *(.debug_loc)

.debug_macinfo
 *(.debug_macinfo)

.debug_weaknames
 *(.debug_weaknames)

.debug_funcnames
 *(.debug_funcnames)

.debug_typenames
 *(.debug_typenames)

.debug_varnames
 *(.debug_varnames)

.debug_pubtypes
 *(.debug_pubtypes)

.debug_ranges
 *(.debug_ranges)

.debug_addr
 *(.debug_addr)

.debug_line_str
                0x00000000      0x1aa
 *(.debug_line_str)
 .debug_line_str
                0x00000000      0x1aa ATMMEGA_Receiver.o
                                0x17d (size before relaxing)
 .debug_line_str
                0x000001aa       0x9e usart.o
 .debug_line_str
                0x000001aa       0xbe Software_UART.o
 .debug_line_str
                0x000001aa       0x5c C:/Programs/avr-gcc-13.2.0-x64-windows/bin/../lib/gcc/avr/13.2.0/avr5\libgcc.a(_exit.o)
 .debug_line_str
                0x000001aa       0x5c C:/Programs/avr-gcc-13.2.0-x64-windows/bin/../lib/gcc/avr/13.2.0/avr5\libgcc.a(_copy_data.o)
 .debug_line_str
                0x000001aa       0x5c C:/Programs/avr-gcc-13.2.0-x64-windows/bin/../lib/gcc/avr/13.2.0/avr5\libgcc.a(_clear_bss.o)
 .debug_line_str
                0x000001aa       0x5c C:/Programs/avr-gcc-13.2.0-x64-windows/bin/../lib/gcc/avr/13.2.0/avr5\libgcc.a(_prologue.o)
 .debug_line_str
                0x000001aa       0x5c C:/Programs/avr-gcc-13.2.0-x64-windows/bin/../lib/gcc/avr/13.2.0/avr5\libgcc.a(_epilogue.o)

.debug_loclists
                0x00000000      0x3e9
 *(.debug_loclists)
 .debug_loclists
                0x00000000      0x173 ATMMEGA_Receiver.o
 .debug_loclists
                0x00000173      0x154 usart.o
 .debug_loclists
                0x000002c7      0x122 Software_UART.o

.debug_macro
 *(.debug_macro)

.debug_names
 *(.debug_names)

.debug_rnglists
                0x00000000       0x1b
 *(.debug_rnglists)
 .debug_rnglists
                0x00000000       0x1b ATMMEGA_Receiver.o

.debug_str_offsets
 *(.debug_str_offsets)

.debug_sup
 *(.debug_sup)
OUTPUT(ATMMEGA_Receiver.elf elf32-avr)
LOAD linker stubs
